Component: ARM Compiler 5.06 update 7 (build 960) Tool: armlink [4d3601]

==============================================================================

Section Cross References

    startup_stm32f373xc.o(RESET) refers to startup_stm32f373xc.o(STACK) for __initial_sp
    startup_stm32f373xc.o(RESET) refers to startup_stm32f373xc.o(.text) for Reset_Handler
    startup_stm32f373xc.o(RESET) refers to port.o(.emb_text) for SVC_Handler
    startup_stm32f373xc.o(RESET) refers to port.o(i.SysTick_Handler) for SysTick_Handler
    startup_stm32f373xc.o(RESET) refers to stm32f3xx_it.o(i.TIM19_IRQHandler) for TIM19_IRQHandler
    startup_stm32f373xc.o(.text) refers to system_stm32f3xx.o(i.SystemInit) for SystemInit
    startup_stm32f373xc.o(.text) refers to entry.o(.ARM.Collect$$$$00000000) for __main
    main.o(i.AppTaskCreate) refers to stm32f3xx_hal.o(i.HAL_Delay) for HAL_Delay
    main.o(i.AppTaskCreate2) refers to printfa.o(i.__0printf) for __2printf
    main.o(i.AppTaskCreate2) refers to stm32f3xx_hal.o(i.HAL_Delay) for HAL_Delay
    main.o(i.HAL_TIM_PeriodElapsedCallback) refers to stm32f3xx_hal.o(i.HAL_IncTick) for HAL_IncTick
    main.o(i.SystemClock_Config) refers to memseta.o(.text) for __aeabi_memclr4
    main.o(i.SystemClock_Config) refers to stm32f3xx_hal_rcc.o(i.HAL_RCC_OscConfig) for HAL_RCC_OscConfig
    main.o(i.SystemClock_Config) refers to main.o(i.Error_Handler) for Error_Handler
    main.o(i.SystemClock_Config) refers to stm32f3xx_hal_rcc.o(i.HAL_RCC_ClockConfig) for HAL_RCC_ClockConfig
    main.o(i.SystemClock_Config) refers to stm32f3xx_hal_rcc_ex.o(i.HAL_RCCEx_PeriphCLKConfig) for HAL_RCCEx_PeriphCLKConfig
    main.o(i.main) refers to stm32f3xx_hal.o(i.HAL_Init) for HAL_Init
    main.o(i.main) refers to main.o(i.SystemClock_Config) for SystemClock_Config
    main.o(i.main) refers to gpio.o(i.MX_GPIO_Init) for MX_GPIO_Init
    main.o(i.main) refers to usart.o(i.MX_USART1_UART_Init) for MX_USART1_UART_Init
    main.o(i.main) refers to tasks.o(i.xTaskCreate) for xTaskCreate
    main.o(i.main) refers to tasks.o(i.vTaskStartScheduler) for vTaskStartScheduler
    main.o(i.main) refers to main.o(.data) for AppTaskCreate_Handle
    main.o(i.main) refers to main.o(i.AppTaskCreate) for AppTaskCreate
    main.o(i.main) refers to main.o(i.AppTaskCreate2) for AppTaskCreate2
    gpio.o(i.MX_GPIO_Init) refers to memseta.o(.text) for __aeabi_memclr4
    gpio.o(i.MX_GPIO_Init) refers to stm32f3xx_hal_gpio.o(i.HAL_GPIO_WritePin) for HAL_GPIO_WritePin
    gpio.o(i.MX_GPIO_Init) refers to stm32f3xx_hal_gpio.o(i.HAL_GPIO_Init) for HAL_GPIO_Init
    usart.o(i.HAL_UART_MspDeInit) refers to stm32f3xx_hal_gpio.o(i.HAL_GPIO_DeInit) for HAL_GPIO_DeInit
    usart.o(i.HAL_UART_MspInit) refers to memseta.o(.text) for __aeabi_memclr4
    usart.o(i.HAL_UART_MspInit) refers to stm32f3xx_hal_gpio.o(i.HAL_GPIO_Init) for HAL_GPIO_Init
    usart.o(i.MX_USART1_UART_Init) refers to stm32f3xx_hal_uart.o(i.HAL_UART_Init) for HAL_UART_Init
    usart.o(i.MX_USART1_UART_Init) refers to main.o(i.Error_Handler) for Error_Handler
    usart.o(i.MX_USART1_UART_Init) refers to usart.o(.bss) for huart1
    usart.o(i.fputc) refers to stm32f3xx_hal_uart.o(i.HAL_UART_Transmit) for HAL_UART_Transmit
    usart.o(i.fputc) refers to usart.o(.bss) for huart1
    stm32f3xx_it.o(i.TIM19_IRQHandler) refers to stm32f3xx_hal_tim.o(i.HAL_TIM_IRQHandler) for HAL_TIM_IRQHandler
    stm32f3xx_it.o(i.TIM19_IRQHandler) refers to stm32f3xx_hal_timebase_tim.o(.bss) for htim19
    stm32f3xx_hal_timebase_tim.o(i.HAL_InitTick) refers to stm32f3xx_hal_rcc.o(i.HAL_RCC_GetClockConfig) for HAL_RCC_GetClockConfig
    stm32f3xx_hal_timebase_tim.o(i.HAL_InitTick) refers to stm32f3xx_hal_rcc.o(i.HAL_RCC_GetPCLK2Freq) for HAL_RCC_GetPCLK2Freq
    stm32f3xx_hal_timebase_tim.o(i.HAL_InitTick) refers to stm32f3xx_hal_tim.o(i.HAL_TIM_Base_Init) for HAL_TIM_Base_Init
    stm32f3xx_hal_timebase_tim.o(i.HAL_InitTick) refers to stm32f3xx_hal_tim.o(i.HAL_TIM_Base_Start_IT) for HAL_TIM_Base_Start_IT
    stm32f3xx_hal_timebase_tim.o(i.HAL_InitTick) refers to stm32f3xx_hal_cortex.o(i.HAL_NVIC_EnableIRQ) for HAL_NVIC_EnableIRQ
    stm32f3xx_hal_timebase_tim.o(i.HAL_InitTick) refers to stm32f3xx_hal_cortex.o(i.HAL_NVIC_SetPriority) for HAL_NVIC_SetPriority
    stm32f3xx_hal_timebase_tim.o(i.HAL_InitTick) refers to stm32f3xx_hal_timebase_tim.o(.bss) for htim19
    stm32f3xx_hal_timebase_tim.o(i.HAL_InitTick) refers to stm32f3xx_hal.o(.data) for uwTickPrio
    stm32f3xx_hal_timebase_tim.o(i.HAL_ResumeTick) refers to stm32f3xx_hal_timebase_tim.o(.bss) for htim19
    stm32f3xx_hal_timebase_tim.o(i.HAL_SuspendTick) refers to stm32f3xx_hal_timebase_tim.o(.bss) for htim19
    stm32f3xx_hal_tim.o(i.HAL_TIM_Base_DeInit) refers to stm32f3xx_hal_tim.o(i.HAL_TIM_Base_MspDeInit) for HAL_TIM_Base_MspDeInit
    stm32f3xx_hal_tim.o(i.HAL_TIM_Base_Init) refers to stm32f3xx_hal_tim.o(i.HAL_TIM_Base_MspInit) for HAL_TIM_Base_MspInit
[...]
    Removing stm32f3xx_hal_pwr_ex.o(.rev16_text), (4 bytes).
    Removing stm32f3xx_hal_pwr_ex.o(.revsh_text), (4 bytes).
    Removing stm32f3xx_hal_pwr_ex.o(.rrx_text), (6 bytes).
    Removing stm32f3xx_hal_pwr_ex.o(i.HAL_PWREx_DisableSDADC), (16 bytes).
    Removing stm32f3xx_hal_pwr_ex.o(i.HAL_PWREx_EnableSDADC), (52 bytes).
    Removing stm32f3xx_hal_pwr_ex.o(i.HAL_PWR_ConfigPVD), (180 bytes).
    Removing stm32f3xx_hal_pwr_ex.o(i.HAL_PWR_DisablePVD), (20 bytes).
    Removing stm32f3xx_hal_pwr_ex.o(i.HAL_PWR_EnablePVD), (20 bytes).
    Removing stm32f3xx_hal_pwr_ex.o(i.HAL_PWR_PVDCallback), (2 bytes).
    Removing stm32f3xx_hal_pwr_ex.o(i.HAL_PWR_PVD_IRQHandler), (32 bytes).
    Removing stm32f3xx_hal_flash.o(.rev16_text), (4 bytes).
    Removing stm32f3xx_hal_flash.o(.revsh_text), (4 bytes).
    Removing stm32f3xx_hal_flash.o(.rrx_text), (6 bytes).
    Removing stm32f3xx_hal_flash.o(i.FLASH_Program_HalfWord), (32 bytes).
    Removing stm32f3xx_hal_flash.o(i.FLASH_SetErrorCode), (72 bytes).
    Removing stm32f3xx_hal_flash.o(i.FLASH_WaitForLastOperation), (100 bytes).
    Removing stm32f3xx_hal_flash.o(i.HAL_FLASH_EndOfOperationCallback), (2 bytes).
    Removing stm32f3xx_hal_flash.o(i.HAL_FLASH_GetError), (12 bytes).
    Removing stm32f3xx_hal_flash.o(i.HAL_FLASH_IRQHandler), (384 bytes).
    Removing stm32f3xx_hal_flash.o(i.HAL_FLASH_Lock), (20 bytes).
    Removing stm32f3xx_hal_flash.o(i.HAL_FLASH_OB_Launch), (28 bytes).
    Removing stm32f3xx_hal_flash.o(i.HAL_FLASH_OB_Lock), (20 bytes).
    Removing stm32f3xx_hal_flash.o(i.HAL_FLASH_OB_Unlock), (44 bytes).
    Removing stm32f3xx_hal_flash.o(i.HAL_FLASH_OperationErrorCallback), (2 bytes).
    Removing stm32f3xx_hal_flash.o(i.HAL_FLASH_Program), (176 bytes).
    Removing stm32f3xx_hal_flash.o(i.HAL_FLASH_Program_IT), (124 bytes).
    Removing stm32f3xx_hal_flash.o(i.HAL_FLASH_Unlock), (48 bytes).
    Removing stm32f3xx_hal_flash.o(.bss), (32 bytes).
    Removing stm32f3xx_hal_flash_ex.o(.rev16_text), (4 bytes).
    Removing stm32f3xx_hal_flash_ex.o(.revsh_text), (4 bytes).
    Removing stm32f3xx_hal_flash_ex.o(.rrx_text), (6 bytes).
    Removing stm32f3xx_hal_flash_ex.o(i.FLASH_MassErase), (40 bytes).
    Removing stm32f3xx_hal_flash_ex.o(i.FLASH_OB_DisableWRP), (232 bytes).
    Removing stm32f3xx_hal_flash_ex.o(i.FLASH_OB_EnableWRP), (236 bytes).
    Removing stm32f3xx_hal_flash_ex.o(i.FLASH_OB_GetRDP), (32 bytes).
    Removing stm32f3xx_hal_flash_ex.o(i.FLASH_OB_GetUser), (32 bytes).
    Removing stm32f3xx_hal_flash_ex.o(i.FLASH_OB_GetWRP), (12 bytes).
    Removing stm32f3xx_hal_flash_ex.o(i.FLASH_OB_ProgramData), (76 bytes).
    Removing stm32f3xx_hal_flash_ex.o(i.FLASH_OB_RDP_LevelConfig), (124 bytes).
    Removing stm32f3xx_hal_flash_ex.o(i.FLASH_OB_UserConfig), (84 bytes).
    Removing stm32f3xx_hal_flash_ex.o(i.FLASH_PageErase), (40 bytes).
    Removing stm32f3xx_hal_flash_ex.o(i.HAL_FLASHEx_Erase), (176 bytes).
    Removing stm32f3xx_hal_flash_ex.o(i.HAL_FLASHEx_Erase_IT), (100 bytes).
    Removing stm32f3xx_hal_flash_ex.o(i.HAL_FLASHEx_OBErase), (96 bytes).
    Removing stm32f3xx_hal_flash_ex.o(i.HAL_FLASHEx_OBGetConfig), (28 bytes).
    Removing stm32f3xx_hal_flash_ex.o(i.HAL_FLASHEx_OBGetUserData), (72 bytes).
    Removing stm32f3xx_hal_flash_ex.o(i.HAL_FLASHEx_OBProgram), (200 bytes).
    Removing stm32f3xx_hal_i2c.o(.rev16_text), (4 bytes).
    Removing stm32f3xx_hal_i2c.o(.revsh_text), (4 bytes).
    Removing stm32f3xx_hal_i2c.o(.rrx_text), (6 bytes).
    Removing stm32f3xx_hal_i2c.o(i.HAL_I2C_AbortCpltCallback), (2 bytes).
    Removing stm32f3xx_hal_i2c.o(i.HAL_I2C_AddrCallback), (2 bytes).
    Removing stm32f3xx_hal_i2c.o(i.HAL_I2C_DeInit), (60 bytes).
    Removing stm32f3xx_hal_i2c.o(i.HAL_I2C_DisableListen_IT), (56 bytes).
    Removing stm32f3xx_hal_i2c.o(i.HAL_I2C_ER_IRQHandler), (118 bytes).
    Removing stm32f3xx_hal_i2c.o(i.HAL_I2C_EV_IRQHandler), (28 bytes).
    Removing stm32f3xx_hal_i2c.o(i.HAL_I2C_EnableListen_IT), (44 bytes).
    Removing stm32f3xx_hal_i2c.o(i.HAL_I2C_ErrorCallback), (2 bytes).
    Removing stm32f3xx_hal_i2c.o(i.HAL_I2C_GetError), (6 bytes).
    Removing stm32f3xx_hal_i2c.o(i.HAL_I2C_GetMode), (8 bytes).
    Removing stm32f3xx_hal_i2c.o(i.HAL_I2C_GetState), (8 bytes).
    Removing stm32f3xx_hal_i2c.o(i.HAL_I2C_Init), (196 bytes).
    Removing stm32f3xx_hal_i2c.o(i.HAL_I2C_IsDeviceReady), (382 bytes).
    Removing stm32f3xx_hal_i2c.o(i.HAL_I2C_ListenCpltCallback), (2 bytes).
    Removing stm32f3xx_hal_i2c.o(i.HAL_I2C_MasterRxCpltCallback), (2 bytes).
    Removing stm32f3xx_hal_i2c.o(i.HAL_I2C_MasterTxCpltCallback), (2 bytes).
    Removing stm32f3xx_hal_i2c.o(i.HAL_I2C_Master_Abort_IT), (132 bytes).
    Removing stm32f3xx_hal_i2c.o(i.HAL_I2C_Master_Receive), (356 bytes).
    Removing stm32f3xx_hal_i2c.o(i.HAL_I2C_Master_Receive_DMA), (368 bytes).
    Removing stm32f3xx_hal_i2c.o(i.HAL_I2C_Master_Receive_IT), (168 bytes).
    Removing stm32f3xx_hal_i2c.o(i.HAL_I2C_Master_Seq_Receive_DMA), (400 bytes).
    Removing stm32f3xx_hal_i2c.o(i.HAL_I2C_Master_Seq_Receive_IT), (196 bytes).
    Removing stm32f3xx_hal_i2c.o(i.HAL_I2C_Master_Seq_Transmit_DMA), (400 bytes).
    Removing stm32f3xx_hal_i2c.o(i.HAL_I2C_Master_Seq_Transmit_IT), (196 bytes).
    Removing stm32f3xx_hal_i2c.o(i.HAL_I2C_Master_Transmit), (352 bytes).
    Removing stm32f3xx_hal_i2c.o(i.HAL_I2C_Master_Transmit_DMA), (368 bytes).
    Removing stm32f3xx_hal_i2c.o(i.HAL_I2C_Master_Transmit_IT), (168 bytes).
    Removing stm32f3xx_hal_i2c.o(i.HAL_I2C_MemRxCpltCallback), (2 bytes).
    Removing stm32f3xx_hal_i2c.o(i.HAL_I2C_MemTxCpltCallback), (2 bytes).
    Removing stm32f3xx_hal_i2c.o(i.HAL_I2C_Mem_Read), (416 bytes).
    Removing stm32f3xx_hal_i2c.o(i.HAL_I2C_Mem_Read_DMA), (348 bytes).
    Removing stm32f3xx_hal_i2c.o(i.HAL_I2C_Mem_Read_IT), (200 bytes).
    Removing stm32f3xx_hal_i2c.o(i.HAL_I2C_Mem_Write), (408 bytes).
    Removing stm32f3xx_hal_i2c.o(i.HAL_I2C_Mem_Write_DMA), (348 bytes).
    Removing stm32f3xx_hal_i2c.o(i.HAL_I2C_Mem_Write_IT), (200 bytes).
    Removing stm32f3xx_hal_i2c.o(i.HAL_I2C_MspDeInit), (2 bytes).
    Removing stm32f3xx_hal_i2c.o(i.HAL_I2C_MspInit), (2 bytes).
    Removing stm32f3xx_hal_i2c.o(i.HAL_I2C_SlaveRxCpltCallback), (2 bytes).
    Removing stm32f3xx_hal_i2c.o(i.HAL_I2C_SlaveTxCpltCallback), (2 bytes).
    Removing stm32f3xx_hal_i2c.o(i.HAL_I2C_Slave_Receive), (380 bytes).
    Removing stm32f3xx_hal_i2c.o(i.HAL_I2C_Slave_Receive_DMA), (276 bytes).
    Removing stm32f3xx_hal_i2c.o(i.HAL_I2C_Slave_Receive_IT), (120 bytes).
    Removing stm32f3xx_hal_i2c.o(i.HAL_I2C_Slave_Seq_Receive_DMA), (464 bytes).
    Removing stm32f3xx_hal_i2c.o(i.HAL_I2C_Slave_Seq_Receive_IT), (248 bytes).
    Removing stm32f3xx_hal_i2c.o(i.HAL_I2C_Slave_Seq_Transmit_DMA), (464 bytes).
    Removing stm32f3xx_hal_i2c.o(i.HAL_I2C_Slave_Seq_Transmit_IT), (248 bytes).
    Removing stm32f3xx_hal_i2c.o(i.HAL_I2C_Slave_Transmit), (448 bytes).
    Removing stm32f3xx_hal_i2c.o(i.HAL_I2C_Slave_Transmit_DMA), (352 bytes).
    Removing stm32f3xx_hal_i2c.o(i.HAL_I2C_Slave_Transmit_IT), (152 bytes).
    Removing stm32f3xx_hal_i2c.o(i.I2C_ConvertOtherXferOptions), (28 bytes).
    Removing stm32f3xx_hal_i2c.o(i.I2C_DMAAbort), (34 bytes).
    Removing stm32f3xx_hal_i2c.o(i.I2C_DMAError), (28 bytes).
    Removing stm32f3xx_hal_i2c.o(i.I2C_DMAMasterReceiveCplt), (94 bytes).
    Removing stm32f3xx_hal_i2c.o(i.I2C_DMAMasterTransmitCplt), (94 bytes).
    Removing stm32f3xx_hal_i2c.o(i.I2C_DMASlaveReceiveCplt), (42 bytes).
    Removing stm32f3xx_hal_i2c.o(i.I2C_DMASlaveTransmitCplt), (36 bytes).
    Removing stm32f3xx_hal_i2c.o(i.I2C_Disable_IRQ), (110 bytes).
    Removing stm32f3xx_hal_i2c.o(i.I2C_Enable_IRQ), (176 bytes).
    Removing stm32f3xx_hal_i2c.o(i.I2C_Flush_TXDR), (40 bytes).
    Removing stm32f3xx_hal_i2c.o(i.I2C_ITAddrCplt), (206 bytes).
    Removing stm32f3xx_hal_i2c.o(i.I2C_ITError), (340 bytes).
    Removing stm32f3xx_hal_i2c.o(i.I2C_ITListenCplt), (112 bytes).
    Removing stm32f3xx_hal_i2c.o(i.I2C_ITMasterCplt), (296 bytes).
    Removing stm32f3xx_hal_i2c.o(i.I2C_ITMasterSeqCplt), (98 bytes).
    Removing stm32f3xx_hal_i2c.o(i.I2C_ITSlaveCplt), (368 bytes).
    Removing stm32f3xx_hal_i2c.o(i.I2C_ITSlaveSeqCplt), (140 bytes).
    Removing stm32f3xx_hal_i2c.o(i.I2C_IsErrorOccurred), (304 bytes).
    Removing stm32f3xx_hal_i2c.o(i.I2C_Master_ISR_DMA), (352 bytes).
    Removing stm32f3xx_hal_i2c.o(i.I2C_Master_ISR_IT), (408 bytes).
    Removing stm32f3xx_hal_i2c.o(i.I2C_Mem_ISR_DMA), (412 bytes).
    Removing stm32f3xx_hal_i2c.o(i.I2C_Mem_ISR_IT), (396 bytes).
    Removing stm32f3xx_hal_i2c.o(i.I2C_RequestMemoryRead), (124 bytes).
    Removing stm32f3xx_hal_i2c.o(i.I2C_RequestMemoryWrite), (124 bytes).
    Removing stm32f3xx_hal_i2c.o(i.I2C_Slave_ISR_DMA), (316 bytes).
    Removing stm32f3xx_hal_i2c.o(i.I2C_Slave_ISR_IT), (328 bytes).
    Removing stm32f3xx_hal_i2c.o(i.I2C_TransferConfig), (56 bytes).
    Removing stm32f3xx_hal_i2c.o(i.I2C_TreatErrorCallback), (58 bytes).
    Removing stm32f3xx_hal_i2c.o(i.I2C_WaitOnFlagUntilTimeout), (114 bytes).
    Removing stm32f3xx_hal_i2c.o(i.I2C_WaitOnRXNEFlagUntilTimeout), (192 bytes).
    Removing stm32f3xx_hal_i2c.o(i.I2C_WaitOnSTOPFlagUntilTimeout), (96 bytes).
    Removing stm32f3xx_hal_i2c.o(i.I2C_WaitOnTXISFlagUntilTimeout), (100 bytes).
    Removing stm32f3xx_hal_i2c_ex.o(.rev16_text), (4 bytes).
    Removing stm32f3xx_hal_i2c_ex.o(.revsh_text), (4 bytes).
    Removing stm32f3xx_hal_i2c_ex.o(.rrx_text), (6 bytes).
    Removing stm32f3xx_hal_i2c_ex.o(i.HAL_I2CEx_ConfigAnalogFilter), (106 bytes).
    Removing stm32f3xx_hal_i2c_ex.o(i.HAL_I2CEx_ConfigDigitalFilter), (104 bytes).
    Removing stm32f3xx_hal_i2c_ex.o(i.HAL_I2CEx_DisableFastModePlus), (52 bytes).
    Removing stm32f3xx_hal_i2c_ex.o(i.HAL_I2CEx_DisableWakeUp), (96 bytes).
    Removing stm32f3xx_hal_i2c_ex.o(i.HAL_I2CEx_EnableFastModePlus), (52 bytes).
    Removing stm32f3xx_hal_i2c_ex.o(i.HAL_I2CEx_EnableWakeUp), (96 bytes).
    Removing stm32f3xx_hal_exti.o(.rev16_text), (4 bytes).
    Removing stm32f3xx_hal_exti.o(.revsh_text), (4 bytes).
    Removing stm32f3xx_hal_exti.o(.rrx_text), (6 bytes).
    Removing stm32f3xx_hal_exti.o(i.HAL_EXTI_ClearConfigLine), (148 bytes).
    Removing stm32f3xx_hal_exti.o(i.HAL_EXTI_ClearPending), (36 bytes).
    Removing stm32f3xx_hal_exti.o(i.HAL_EXTI_GenerateSWI), (36 bytes).
    Removing stm32f3xx_hal_exti.o(i.HAL_EXTI_GetConfigLine), (192 bytes).
    Removing stm32f3xx_hal_exti.o(i.HAL_EXTI_GetHandle), (14 bytes).
    Removing stm32f3xx_hal_exti.o(i.HAL_EXTI_GetPending), (44 bytes).
    Removing stm32f3xx_hal_exti.o(i.HAL_EXTI_IRQHandler), (60 bytes).
    Removing stm32f3xx_hal_exti.o(i.HAL_EXTI_RegisterCallback), (20 bytes).
    Removing stm32f3xx_hal_exti.o(i.HAL_EXTI_SetConfigLine), (228 bytes).
    Removing system_stm32f3xx.o(.rev16_text), (4 bytes).
    Removing system_stm32f3xx.o(.revsh_text), (4 bytes).
    Removing system_stm32f3xx.o(.rrx_text), (6 bytes).
    Removing system_stm32f3xx.o(i.SystemCoreClockUpdate), (160 bytes).
    Removing heap_4.o(.rev16_text), (4 bytes).
    Removing heap_4.o(.revsh_text), (4 bytes).
    Removing heap_4.o(.rrx_text), (6 bytes).
    Removing heap_4.o(i.pvPortCalloc), (54 bytes).
    Removing heap_4.o(i.vPortGetHeapStats), (128 bytes).
    Removing heap_4.o(i.vPortInitialiseBlocks), (2 bytes).
    Removing heap_4.o(i.xPortGetFreeHeapSize), (12 bytes).
    Removing heap_4.o(i.xPortGetMinimumEverFreeHeapSize), (12 bytes).
    Removing port.o(.rev16_text), (4 bytes).
    Removing port.o(.revsh_text), (4 bytes).
    Removing port.o(.rrx_text), (6 bytes).
    Removing port.o(i.vPortEndScheduler), (96 bytes).
    Removing port.o(i.vPortValidateInterruptPriority), (156 bytes).
    Removing croutine.o(.rev16_text), (4 bytes).
    Removing croutine.o(.revsh_text), (4 bytes).
    Removing croutine.o(.rrx_text), (6 bytes).
    Removing event_groups.o(.rev16_text), (4 bytes).
    Removing event_groups.o(.revsh_text), (4 bytes).
    Removing event_groups.o(.rrx_text), (6 bytes).
    Removing event_groups.o(i.prvTestWaitCondition), (30 bytes).
    Removing event_groups.o(i.vEventGroupClearBitsCallback), (16 bytes).
    Removing event_groups.o(i.vEventGroupDelete), (128 bytes).
    Removing event_groups.o(i.vEventGroupSetBitsCallback), (16 bytes).
    Removing event_groups.o(i.xEventGroupClearBits), (112 bytes).
    Removing event_groups.o(i.xEventGroupCreate), (26 bytes).
    Removing event_groups.o(i.xEventGroupGetBitsFromISR), (44 bytes).
    Removing event_groups.o(i.xEventGroupSetBits), (228 bytes).
    Removing event_groups.o(i.xEventGroupSync), (276 bytes).
    Removing event_groups.o(i.xEventGroupWaitBits), (344 bytes).
    Removing list.o(.rev16_text), (4 bytes).
    Removing list.o(.revsh_text), (4 bytes).
    Removing list.o(.rrx_text), (6 bytes).
    Removing list.o(i.vListInsert), (52 bytes).
    Removing list.o(i.vListInsertEnd), (24 bytes).
    Removing queue.o(.rev16_text), (4 bytes).
    Removing queue.o(.revsh_text), (4 bytes).
    Removing queue.o(.rrx_text), (6 bytes).
    Removing queue.o(i.pcQueueGetName), (92 bytes).
    Removing queue.o(i.prvCopyDataFromQueue), (42 bytes).
    Removing queue.o(i.prvCopyDataToQueue), (106 bytes).
    Removing queue.o(i.prvInitialiseNewQueue), (38 bytes).
    Removing queue.o(i.prvIsQueueEmpty), (26 bytes).
    Removing queue.o(i.prvIsQueueFull), (30 bytes).
    Removing queue.o(i.prvUnlockQueue), (126 bytes).
    Removing queue.o(i.uxQueueMessagesWaiting), (64 bytes).
    Removing queue.o(i.uxQueueMessagesWaitingFromISR), (60 bytes).
    Removing queue.o(i.uxQueueSpacesAvailable), (72 bytes).
    Removing queue.o(i.vQueueAddToRegistry), (120 bytes).
    Removing queue.o(i.vQueueDelete), (68 bytes).
    Removing queue.o(i.vQueueUnregisterQueue), (96 bytes).
    Removing queue.o(i.xQueueGenericCreate), (124 bytes).
    Removing queue.o(i.xQueueGenericReset), (232 bytes).
    Removing queue.o(i.xQueueGenericSend), (416 bytes).
    Removing queue.o(i.xQueueGenericSendFromISR), (288 bytes).
    Removing queue.o(i.xQueueGiveFromISR), (264 bytes).
    Removing queue.o(i.xQueueIsQueueEmptyFromISR), (68 bytes).
    Removing queue.o(i.xQueueIsQueueFullFromISR), (72 bytes).
    Removing queue.o(i.xQueuePeek), (368 bytes).
    Removing queue.o(i.xQueuePeekFromISR), (180 bytes).
    Removing queue.o(i.xQueueReceive), (364 bytes).
    Removing queue.o(i.xQueueReceiveFromISR), (256 bytes).
    Removing queue.o(i.xQueueSemaphoreTake), (340 bytes).
    Removing queue.o(.bss), (80 bytes).
    Removing tasks.o(.rev16_text), (4 bytes).
    Removing tasks.o(.revsh_text), (4 bytes).
    Removing tasks.o(.rrx_text), (6 bytes).
    Removing tasks.o(i.eTaskGetState), (184 bytes).
    Removing tasks.o(i.pcTaskGetName), (72 bytes).
    Removing tasks.o(i.prvAddCurrentTaskToDelayedList), (192 bytes).
    Removing tasks.o(i.prvTaskIsTaskSuspended), (112 bytes).
    Removing tasks.o(i.ulTaskGenericNotifyTake), (192 bytes).
    Removing tasks.o(i.ulTaskGenericNotifyValueClear), (64 bytes).
    Removing tasks.o(i.uxTaskGetNumberOfTasks), (12 bytes).
    Removing tasks.o(i.uxTaskPriorityGet), (36 bytes).
    Removing tasks.o(i.uxTaskPriorityGetFromISR), (68 bytes).
    Removing tasks.o(i.uxTaskResetEventItemValue), (28 bytes).
    Removing tasks.o(i.vTaskDelay), (112 bytes).
    Removing tasks.o(i.vTaskDelete), (272 bytes).
    Removing tasks.o(i.vTaskEndScheduler), (36 bytes).
    Removing tasks.o(i.vTaskGenericNotifyGiveFromISR), (400 bytes).
    Removing tasks.o(i.vTaskInternalSetTimeOutState), (24 bytes).
    Removing tasks.o(i.vTaskMissedYield), (12 bytes).
    Removing tasks.o(i.vTaskPlaceOnEventList), (80 bytes).
    Removing tasks.o(i.vTaskPlaceOnUnorderedEventList), (156 bytes).
    Removing tasks.o(i.vTaskPrioritySet), (340 bytes).
    Removing tasks.o(i.vTaskRemoveFromUnorderedEventList), (284 bytes).
    Removing tasks.o(i.vTaskResume), (220 bytes).
    Removing tasks.o(i.vTaskSetTimeOutState), (80 bytes).
    Removing tasks.o(i.vTaskSuspend), (280 bytes).
    Removing tasks.o(i.xTaskCatchUpTicks), (104 bytes).
    Removing tasks.o(i.xTaskCheckForTimeOut), (156 bytes).
    Removing tasks.o(i.xTaskDelayUntil), (216 bytes).
    Removing tasks.o(i.xTaskGenericNotify), (456 bytes).
    Removing tasks.o(i.xTaskGenericNotifyFromISR), (540 bytes).
    Removing tasks.o(i.xTaskGenericNotifyStateClear), (116 bytes).
    Removing tasks.o(i.xTaskGenericNotifyWait), (228 bytes).
    Removing tasks.o(i.xTaskGetCurrentTaskHandle), (12 bytes).
    Removing tasks.o(i.xTaskGetSchedulerState), (32 bytes).
    Removing tasks.o(i.xTaskGetTickCount), (12 bytes).
    Removing tasks.o(i.xTaskGetTickCountFromISR), (20 bytes).
    Removing tasks.o(i.xTaskRemoveFromEventList), (312 bytes).
    Removing tasks.o(i.xTaskResumeFromISR), (264 bytes).
    Removing timers.o(.rev16_text), (4 bytes).
    Removing timers.o(.revsh_text), (4 bytes).
    Removing timers.o(.rrx_text), (6 bytes).
    Removing myprintf.o(i.m_pow_n), (32 bytes).
    Removing myprintf.o(i.myPrintFunction), (8 bytes).
    Removing myprintf.o(i.my_send_char), (20 bytes).

618 unused section(s) (total 64930 bytes) removed from the image.

==============================================================================

Image Symbol Table

    Local Symbols

    Symbol Name                              Value     Ov Type        Size  Object(Section)

    ../Core/Src/gpio.c                       0x00000000   Number         0  gpio.o ABSOLUTE
    ../Core/Src/main.c                       0x00000000   Number         0  main.o ABSOLUTE
    ../Core/Src/stm32f3xx_hal_msp.c          0x00000000   Number         0  stm32f3xx_hal_msp.o ABSOLUTE
    ../Core/Src/stm32f3xx_hal_timebase_tim.c 0x00000000   Number         0  stm32f3xx_hal_timebase_tim.o ABSOLUTE
    ../Core/Src/stm32f3xx_it.c               0x00000000   Number         0  stm32f3xx_it.o ABSOLUTE
    ../Core/Src/system_stm32f3xx.c           0x00000000   Number         0  system_stm32f3xx.o ABSOLUTE
    ../Core/Src/usart.c                      0x00000000   Number         0  usart.o ABSOLUTE
    ../Drivers/STM32F3xx_HAL_Driver/Src/stm32f3xx_hal.c 0x00000000   Number         0  stm32f3xx_hal.o ABSOLUTE
    ../Drivers/STM32F3xx_HAL_Driver/Src/stm32f3xx_hal_cortex.c 0x00000000   Number         0  stm32f3xx_hal_cortex.o ABSOLUTE
    ../Drivers/STM32F3xx_HAL_Driver/Src/stm32f3xx_hal_dma.c 0x00000000   Number         0  stm32f3xx_hal_dma.o ABSOLUTE
    ../Drivers/STM32F3xx_HAL_Driver/Src/stm32f3xx_hal_exti.c 0x00000000   Number         0  stm32f3xx_hal_exti.o ABSOLUTE
    ../Drivers/STM32F3xx_HAL_Driver/Src/stm32f3xx_hal_flash.c 0x00000000   Number         0  stm32f3xx_hal_flash.o ABSOLUTE
    ../Drivers/STM32F3xx_HAL_Driver/Src/stm32f3xx_hal_flash_ex.c 0x00000000   Number         0  stm32f3xx_hal_flash_ex.o ABSOLUTE
    ../Drivers/STM32F3xx_HAL_Driver/Src/stm32f3xx_hal_gpio.c 0x00000000   Number         0  stm32f3xx_hal_gpio.o ABSOLUTE
    ../Drivers/STM32F3xx_HAL_Driver/Src/stm32f3xx_hal_i2c.c 0x00000000   Number         0  stm32f3xx_hal_i2c.o ABSOLUTE
    ../Drivers/STM32F3xx_HAL_Driver/Src/stm32f3xx_hal_i2c_ex.c 0x00000000   Number         0  stm32f3xx_hal_i2c_ex.o ABSOLUTE
    ../Drivers/STM32F3xx_HAL_Driver/Src/stm32f3xx_hal_pwr.c 0x00000000   Number         0  stm32f3xx_hal_pwr.o ABSOLUTE
    ../Drivers/STM32F3xx_HAL_Driver/Src/stm32f3xx_hal_pwr_ex.c 0x00000000   Number         0  stm32f3xx_hal_pwr_ex.o ABSOLUTE
    ../Drivers/STM32F3xx_HAL_Driver/Src/stm32f3xx_hal_rcc.c 0x00000000   Number         0  stm32f3xx_hal_rcc.o ABSOLUTE
    ../Drivers/STM32F3xx_HAL_Driver/Src/stm32f3xx_hal_rcc_ex.c 0x00000000   Number         0  stm32f3xx_hal_rcc_ex.o ABSOLUTE
    ../Drivers/STM32F3xx_HAL_Driver/Src/stm32f3xx_hal_tim.c 0x00000000   Number         0  stm32f3xx_hal_tim.o ABSOLUTE
    ../Drivers/STM32F3xx_HAL_Driver/Src/stm32f3xx_hal_tim_ex.c 0x00000000   Number         0  stm32f3xx_hal_tim_ex.o ABSOLUTE
    ../Drivers/STM32F3xx_HAL_Driver/Src/stm32f3xx_hal_uart.c 0x00000000   Number         0  stm32f3xx_hal_uart.o ABSOLUTE
    ../Drivers/STM32F3xx_HAL_Driver/Src/stm32f3xx_hal_uart_ex.c 0x00000000   Number         0  stm32f3xx_hal_uart_ex.o ABSOLUTE
    ../clib/microlib/division.c              0x00000000   Number         0  uldiv.o ABSOLUTE
    ../clib/microlib/division.c              0x00000000   Number         0  uidiv.o ABSOLUTE
    ../clib/microlib/init/entry.s            0x00000000   Number         0  entry7a.o ABSOLUTE
    ../clib/microlib/init/entry.s            0x00000000   Number         0  entry8b.o ABSOLUTE
    ../clib/microlib/init/entry.s            0x00000000   Number         0  entry7b.o ABSOLUTE
    ../clib/microlib/init/entry.s            0x00000000   Number         0  entry12a.o ABSOLUTE
    ../clib/microlib/init/entry.s            0x00000000   Number         0  entry2.o ABSOLUTE
    ../clib/microlib/init/entry.s            0x00000000   Number         0  entry.o ABSOLUTE
    ../clib/microlib/init/entry.s            0x00000000   Number         0  entry11b.o ABSOLUTE
    ../clib/microlib/init/entry.s            0x00000000   Number         0  entry12b.o ABSOLUTE
    ../clib/microlib/init/entry.s            0x00000000   Number         0  entry5.o ABSOLUTE
    ../clib/microlib/init/entry.s            0x00000000   Number         0  entry11a.o ABSOLUTE
    ../clib/microlib/init/entry.s            0x00000000   Number         0  entry10b.o ABSOLUTE
    ../clib/microlib/init/entry.s            0x00000000   Number         0  entry8a.o ABSOLUTE
    ../clib/microlib/init/entry.s            0x00000000   Number         0  entry9b.o ABSOLUTE
    ../clib/microlib/init/entry.s            0x00000000   Number         0  entry10a.o ABSOLUTE
    ../clib/microlib/init/entry.s            0x00000000   Number         0  entry9a.o ABSOLUTE
    ../clib/microlib/longlong.c              0x00000000   Number         0  llushr.o ABSOLUTE
    ../clib/microlib/longlong.c              0x00000000   Number         0  llsshr.o ABSOLUTE
    ../clib/microlib/longlong.c              0x00000000   Number         0  llshl.o ABSOLUTE
    ../clib/microlib/printf/printf.c         0x00000000   Number         0  printf0.o ABSOLUTE
    ../clib/microlib/printf/printf.c         0x00000000   Number         0  printfb.o ABSOLUTE
    ../clib/microlib/printf/printf.c         0x00000000   Number         0  printf2.o ABSOLUTE
    ../clib/microlib/printf/printf.c         0x00000000   Number         0  printf1.o ABSOLUTE
    ../clib/microlib/printf/printf.c         0x00000000   Number         0  printf3.o ABSOLUTE
    ../clib/microlib/printf/printf.c         0x00000000   Number         0  printf4.o ABSOLUTE
    ../clib/microlib/printf/printf.c         0x00000000   Number         0  printfa.o ABSOLUTE
    ../clib/microlib/printf/printf.c         0x00000000   Number         0  printf8.o ABSOLUTE
    ../clib/microlib/printf/printf.c         0x00000000   Number         0  printf7.o ABSOLUTE
    ../clib/microlib/printf/printf.c         0x00000000   Number         0  printf6.o ABSOLUTE
    ../clib/microlib/printf/printf.c         0x00000000   Number         0  printf5.o ABSOLUTE
    ../clib/microlib/printf/stubs.s          0x00000000   Number         0  stubs.o ABSOLUTE
    ../clib/microlib/stdio/streams.c         0x00000000   Number         0  stdout.o ABSOLUTE
    ../clib/microlib/string/memcpy.c         0x00000000   Number         0  memcpya.o ABSOLUTE
    ../clib/microlib/string/memcpy.c         0x00000000   Number         0  memcpyb.o ABSOLUTE
    ../clib/microlib/string/memset.c         0x00000000   Number         0  memseta.o ABSOLUTE
    ../clib/microlib/stubs.s                 0x00000000   Number         0  iusefp.o ABSOLUTE
    ../fplib/microlib/fpadd.c                0x00000000   Number         0  dadd.o ABSOLUTE
    ../fplib/microlib/fpdiv.c                0x00000000   Number         0  ddiv.o ABSOLUTE
    ../fplib/microlib/fpepilogue.c           0x00000000   Number         0  depilogue.o ABSOLUTE
    ../fplib/microlib/fpfix.c                0x00000000   Number         0  dfixul.o ABSOLUTE
    ../fplib/microlib/fpmul.c                0x00000000   Number         0  dmul.o ABSOLUTE
    ..\Core\Src\gpio.c                       0x00000000   Number         0  gpio.o ABSOLUTE
    ..\Core\Src\main.c                       0x00000000   Number         0  main.o ABSOLUTE
    ..\Core\Src\stm32f3xx_hal_msp.c          0x00000000   Number         0  stm32f3xx_hal_msp.o ABSOLUTE
    ..\Core\Src\stm32f3xx_hal_timebase_tim.c 0x00000000   Number         0  stm32f3xx_hal_timebase_tim.o ABSOLUTE
    ..\Core\Src\stm32f3xx_it.c               0x00000000   Number         0  stm32f3xx_it.o ABSOLUTE
    ..\Core\Src\system_stm32f3xx.c           0x00000000   Number         0  system_stm32f3xx.o ABSOLUTE
    ..\Core\Src\usart.c                      0x00000000   Number         0  usart.o ABSOLUTE
    ..\Drivers\STM32F3xx_HAL_Driver\Src\stm32f3xx_hal.c 0x00000000   Number         0  stm32f3xx_hal.o ABSOLUTE
    ..\Drivers\STM32F3xx_HAL_Driver\Src\stm32f3xx_hal_cortex.c 0x00000000   Number         0  stm32f3xx_hal_cortex.o ABSOLUTE
    ..\Drivers\STM32F3xx_HAL_Driver\Src\stm32f3xx_hal_dma.c 0x00000000   Number         0  stm32f3xx_hal_dma.o ABSOLUTE
    ..\Drivers\STM32F3xx_HAL_Driver\Src\stm32f3xx_hal_exti.c 0x00000000   Number         0  stm32f3xx_hal_exti.o ABSOLUTE
    ..\Drivers\STM32F3xx_HAL_Driver\Src\stm32f3xx_hal_flash.c 0x00000000   Number         0  stm32f3xx_hal_flash.o ABSOLUTE
    ..\Drivers\STM32F3xx_HAL_Driver\Src\stm32f3xx_hal_flash_ex.c 0x00000000   Number         0  stm32f3xx_hal_flash_ex.o ABSOLUTE
    ..\Drivers\STM32F3xx_HAL_Driver\Src\stm32f3xx_hal_gpio.c 0x00000000   Number         0  stm32f3xx_hal_gpio.o ABSOLUTE
    ..\Drivers\STM32F3xx_HAL_Driver\Src\stm32f3xx_hal_i2c.c 0x00000000   Number         0  stm32f3xx_hal_i2c.o ABSOLUTE
    ..\Drivers\STM32F3xx_HAL_Driver\Src\stm32f3xx_hal_i2c_ex.c 0x00000000   Number         0  stm32f3xx_hal_i2c_ex.o ABSOLUTE
    ..\Drivers\STM32F3xx_HAL_Driver\Src\stm32f3xx_hal_pwr.c 0x00000000   Number         0  stm32f3xx_hal_pwr.o ABSOLUTE
    ..\Drivers\STM32F3xx_HAL_Driver\Src\stm32f3xx_hal_pwr_ex.c 0x00000000   Number         0  stm32f3xx_hal_pwr_ex.o ABSOLUTE
    ..\Drivers\STM32F3xx_HAL_Driver\Src\stm32f3xx_hal_rcc.c 0x00000000   Number         0  stm32f3xx_hal_rcc.o ABSOLUTE
    ..\Drivers\STM32F3xx_HAL_Driver\Src\stm32f3xx_hal_rcc_ex.c 0x00000000   Number         0  stm32f3xx_hal_rcc_ex.o ABSOLUTE
    ..\Drivers\STM32F3xx_HAL_Driver\Src\stm32f3xx_hal_tim.c 0x00000000   Number         0  stm32f3xx_hal_tim.o ABSOLUTE
    ..\Drivers\STM32F3xx_HAL_Driver\Src\stm32f3xx_hal_tim_ex.c 0x00000000   Number         0  stm32f3xx_hal_tim_ex.o ABSOLUTE
    ..\Drivers\STM32F3xx_HAL_Driver\Src\stm32f3xx_hal_uart.c 0x00000000   Number         0  stm32f3xx_hal_uart.o ABSOLUTE
    ..\Drivers\STM32F3xx_HAL_Driver\Src\stm32f3xx_hal_uart_ex.c 0x00000000   Number         0  stm32f3xx_hal_uart_ex.o ABSOLUTE
    ..\RTOS\croutine.c                       0x00000000   Number         0  croutine.o ABSOLUTE
    ..\RTOS\event_groups.c                   0x00000000   Number         0  event_groups.o ABSOLUTE
    ..\RTOS\list.c                           0x00000000   Number         0  list.o ABSOLUTE
    ..\RTOS\portable\MemMang\heap_4.c        0x00000000   Number         0  heap_4.o ABSOLUTE
    ..\RTOS\portable\RVDS\ARM_CM4F\port.c    0x00000000   Number         0  port.o ABSOLUTE
    ..\RTOS\queue.c                          0x00000000   Number         0  queue.o ABSOLUTE
    ..\RTOS\tasks.c                          0x00000000   Number         0  tasks.o ABSOLUTE
    ..\RTOS\timers.c                         0x00000000   Number         0  timers.o ABSOLUTE
    ..\User\Myprintf.c                       0x00000000   Number         0  myprintf.o ABSOLUTE
    ..\\RTOS\\croutine.c                     0x00000000   Number         0  croutine.o ABSOLUTE
    ..\\RTOS\\event_groups.c                 0x00000000   Number         0  event_groups.o ABSOLUTE
    ..\\RTOS\\list.c                         0x00000000   Number         0  list.o ABSOLUTE
    ..\\RTOS\\portable\\MemMang\\heap_4.c    0x00000000   Number         0  heap_4.o ABSOLUTE
    ..\\RTOS\\portable\\RVDS\\ARM_CM4F\\port.c 0x00000000   Number         0  port.o ABSOLUTE
    ..\\RTOS\\queue.c                        0x00000000   Number         0  queue.o ABSOLUTE
    ..\\RTOS\\tasks.c                        0x00000000   Number         0  tasks.o ABSOLUTE
    ..\\RTOS\\timers.c                       0x00000000   Number         0  timers.o ABSOLUTE
    cdrcmple.s                               0x00000000   Number         0  cdrcmple.o ABSOLUTE
    dc.s                                     0x00000000   Number         0  dc.o ABSOLUTE
    handlers.s                               0x00000000   Number         0  handlers.o ABSOLUTE
    init.s                                   0x00000000   Number         0  init.o ABSOLUTE
    startup_stm32f373xc.s                    0x00000000   Number         0  startup_stm32f373xc.o ABSOLUTE
    RESET                                    0x08000000   Section      392  startup_stm32f373xc.o(RESET)
    .ARM.Collect$$$$00000000                 0x08000188   Section        0  entry.o(.ARM.Collect$$$$00000000)
    .ARM.Collect$$$$00000001                 0x08000188   Section        4  entry2.o(.ARM.Collect$$$$00000001)
    .ARM.Collect$$$$00000004                 0x0800018c   Section        4  entry5.o(.ARM.Collect$$$$00000004)
    .ARM.Collect$$$$00000008                 0x08000190   Section        0  entry7b.o(.ARM.Collect$$$$00000008)
    .ARM.Collect$$$$0000000A                 0x08000190   Section        0  entry8b.o(.ARM.Collect$$$$0000000A)
    .ARM.Collect$$$$0000000B                 0x08000190   Section        8  entry9a.o(.ARM.Collect$$$$0000000B)
    .ARM.Collect$$$$0000000E                 0x08000198   Section        4  entry12b.o(.ARM.Collect$$$$0000000E)
    .ARM.Collect$$$$0000000F                 0x0800019c   Section        0  entry10a.o(.ARM.Collect$$$$0000000F)
    .ARM.Collect$$$$00000011                 0x0800019c   Section        0  entry11a.o(.ARM.Collect$$$$00000011)
    .ARM.Collect$$$$00002712                 0x0800019c   Section        4  entry2.o(.ARM.Collect$$$$00002712)
    __lit__00000000                          0x0800019c   Data           4  entry2.o(.ARM.Collect$$$$00002712)
    .emb_text                                0x080001a0   Section      190  port.o(.emb_text)
    $v0                                      0x080001a0   Number         0  port.o(.emb_text)
    .text                                    0x08000260   Section       36  startup_stm32f373xc.o(.text)
    $v0                                      0x08000260   Number         0  startup_stm32f373xc.o(.text)
    .text                                    0x08000284   Section        0  uldiv.o(.text)
    .text                                    0x080002e6   Section        0  llushr.o(.text)
    .text                                    0x08000306   Section        0  memseta.o(.text)
    .text                                    0x0800032a   Section        0  uidiv.o(.text)
    .text                                    0x08000356   Section        0  llshl.o(.text)
    .text                                    0x08000374   Section        0  dadd.o(.text)
    .text                                    0x08000374   Section        0  iusefp.o(.text)
    .text                                    0x080004c2   Section        0  dmul.o(.text)
    .text                                    0x080005a6   Section        0  ddiv.o(.text)
    .text                                    0x08000684   Section        0  dfixul.o(.text)
    .text                                    0x080006b4   Section       48  cdrcmple.o(.text)
    .text                                    0x080006e4   Section       36  init.o(.text)
    .text                                    0x08000708   Section        0  llsshr.o(.text)
    .text                                    0x0800072c   Section        0  depilogue.o(.text)
    i.AppTaskCreate                          0x080007e6   Section        0  main.o(i.AppTaskCreate)
    i.AppTaskCreate2                         0x080007f4   Section        0  main.o(i.AppTaskCreate2)
    i.Error_Handler                          0x0800089c   Section        0  main.o(i.Error_Handler)
    i.HAL_Delay                              0x080008a4   Section        0  stm32f3xx_hal.o(i.HAL_Delay)
    i.HAL_GPIO_Init                          0x080008cc   Section        0  stm32f3xx_hal_gpio.o(i.HAL_GPIO_Init)
    i.HAL_GPIO_WritePin                      0x08000a8c   Section        0  stm32f3xx_hal_gpio.o(i.HAL_GPIO_WritePin)
    i.HAL_GetTick                            0x08000a98   Section        0  stm32f3xx_hal.o(i.HAL_GetTick)
    i.HAL_IncTick                            0x08000aa4   Section        0  stm32f3xx_hal.o(i.HAL_IncTick)
    i.HAL_Init                               0x08000abc   Section        0  stm32f3xx_hal.o(i.HAL_Init)
    i.HAL_InitTick                           0x08000ae4   Section        0  stm32f3xx_hal_timebase_tim.o(i.HAL_InitTick)
    i.HAL_MspInit                            0x08000b80   Section        0  stm32f3xx_hal_msp.o(i.HAL_MspInit)
    i.HAL_NVIC_EnableIRQ                     0x08000bc0   Section        0  stm32f3xx_hal_cortex.o(i.HAL_NVIC_EnableIRQ)
    i.HAL_NVIC_SetPriority                   0x08000be0   Section        0  stm32f3xx_hal_cortex.o(i.HAL_NVIC_SetPriority)
    i.HAL_NVIC_SetPriorityGrouping           0x08000c5c   Section        0  stm32f3xx_hal_cortex.o(i.HAL_NVIC_SetPriorityGrouping)
    i.HAL_RCCEx_PeriphCLKConfig              0x08000c84   Section        0  stm32f3xx_hal_rcc_ex.o(i.HAL_RCCEx_PeriphCLKConfig)
    i.HAL_RCC_ClockConfig                    0x08000efc   Section        0  stm32f3xx_hal_rcc.o(i.HAL_RCC_ClockConfig)
    i.HAL_RCC_GetClockConfig                 0x080011a8   Section        0  stm32f3xx_hal_rcc.o(i.HAL_RCC_GetClockConfig)
    i.HAL_RCC_GetHCLKFreq                    0x080011ec   Section        0  stm32f3xx_hal_rcc.o(i.HAL_RCC_GetHCLKFreq)
    i.HAL_RCC_GetPCLK1Freq                   0x080011f8   Section        0  stm32f3xx_hal_rcc.o(i.HAL_RCC_GetPCLK1Freq)
    i.HAL_RCC_GetPCLK2Freq                   0x08001224   Section        0  stm32f3xx_hal_rcc.o(i.HAL_RCC_GetPCLK2Freq)
    i.HAL_RCC_GetSysClockFreq                0x08001250   Section        0  stm32f3xx_hal_rcc.o(i.HAL_RCC_GetSysClockFreq)
    i.HAL_RCC_OscConfig                      0x080012f0   Section        0  stm32f3xx_hal_rcc.o(i.HAL_RCC_OscConfig)
    i.HAL_TIMEx_BreakCallback                0x08001d14   Section        0  stm32f3xx_hal_tim_ex.o(i.HAL_TIMEx_BreakCallback)
    i.HAL_TIMEx_CommutCallback               0x08001d16   Section        0  stm32f3xx_hal_tim_ex.o(i.HAL_TIMEx_CommutCallback)
    i.HAL_TIM_Base_Init                      0x08001d18   Section        0  stm32f3xx_hal_tim.o(i.HAL_TIM_Base_Init)
    i.HAL_TIM_Base_MspInit                   0x08001d7e   Section        0  stm32f3xx_hal_tim.o(i.HAL_TIM_Base_MspInit)
    i.HAL_TIM_Base_Start_IT                  0x08001d80   Section        0  stm32f3xx_hal_tim.o(i.HAL_TIM_Base_Start_IT)
    i.HAL_TIM_IC_CaptureCallback             0x08001e1c   Section        0  stm32f3xx_hal_tim.o(i.HAL_TIM_IC_CaptureCallback)
    i.HAL_TIM_IRQHandler                     0x08001e1e   Section        0  stm32f3xx_hal_tim.o(i.HAL_TIM_IRQHandler)
    i.HAL_TIM_OC_DelayElapsedCallback        0x08001fb4   Section        0  stm32f3xx_hal_tim.o(i.HAL_TIM_OC_DelayElapsedCallback)
    i.HAL_TIM_PWM_PulseFinishedCallback      0x08001fb6   Section        0  stm32f3xx_hal_tim.o(i.HAL_TIM_PWM_PulseFinishedCallback)
    i.HAL_TIM_PeriodElapsedCallback          0x08001fb8   Section        0  main.o(i.HAL_TIM_PeriodElapsedCallback)
    i.HAL_TIM_TriggerCallback                0x08001fd0   Section        0  stm32f3xx_hal_tim.o(i.HAL_TIM_TriggerCallback)
    i.HAL_UART_Init                          0x08001fd2   Section        0  stm32f3xx_hal_uart.o(i.HAL_UART_Init)
    i.HAL_UART_MspInit                       0x08002048   Section        0  usart.o(i.HAL_UART_MspInit)
    i.HAL_UART_Transmit                      0x080020c0   Section        0  stm32f3xx_hal_uart.o(i.HAL_UART_Transmit)
    i.MX_GPIO_Init                           0x0800217c   Section        0  gpio.o(i.MX_GPIO_Init)
    i.MX_USART1_UART_Init                    0x08002208   Section        0  usart.o(i.MX_USART1_UART_Init)
    i.SysTick_Handler                        0x08002254   Section        0  port.o(i.SysTick_Handler)
    i.SystemClock_Config                     0x08002288   Section        0  main.o(i.SystemClock_Config)
    i.SystemInit                             0x0800230c   Section        0  system_stm32f3xx.o(i.SystemInit)
    i.TIM19_IRQHandler                       0x08002320   Section        0  stm32f3xx_it.o(i.TIM19_IRQHandler)
    i.TIM_Base_SetConfig                     0x08002330   Section        0  stm32f3xx_hal_tim.o(i.TIM_Base_SetConfig)
    i.UART_AdvFeatureConfig                  0x080023fc   Section        0  stm32f3xx_hal_uart.o(i.UART_AdvFeatureConfig)
    i.UART_CheckIdleState                    0x080024f4   Section        0  stm32f3xx_hal_uart.o(i.UART_CheckIdleState)
    i.UART_EndRxTransfer                     0x080025da   Section        0  stm32f3xx_hal_uart.o(i.UART_EndRxTransfer)
    UART_EndRxTransfer                       0x080025db   Thumb Code   102  stm32f3xx_hal_uart.o(i.UART_EndRxTransfer)
    i.UART_SetConfig                         0x08002640   Section        0  stm32f3xx_hal_uart.o(i.UART_SetConfig)
    i.UART_WaitOnFlagUntilTimeout            0x0800284c   Section        0  stm32f3xx_hal_uart.o(i.UART_WaitOnFlagUntilTimeout)
    i.__0printf                              0x080028f0   Section        0  printfa.o(i.__0printf)
    i.__NVIC_GetPriorityGrouping             0x08002910   Section        0  stm32f3xx_hal_cortex.o(i.__NVIC_GetPriorityGrouping)
    __NVIC_GetPriorityGrouping               0x08002911   Thumb Code    10  stm32f3xx_hal_cortex.o(i.__NVIC_GetPriorityGrouping)
    i.__NVIC_SetPriority                     0x08002920   Section        0  stm32f3xx_hal_cortex.o(i.__NVIC_SetPriority)
    __NVIC_SetPriority                       0x08002921   Thumb Code    32  stm32f3xx_hal_cortex.o(i.__NVIC_SetPriority)
    i.__scatterload_copy                     0x08002948   Section       14  handlers.o(i.__scatterload_copy)
    i.__scatterload_null                     0x08002956   Section        2  handlers.o(i.__scatterload_null)
    i.__scatterload_zeroinit                 0x08002958   Section       14  handlers.o(i.__scatterload_zeroinit)
    i._fp_digits                             0x08002968   Section        0  printfa.o(i._fp_digits)
    _fp_digits                               0x08002969   Thumb Code   366  printfa.o(i._fp_digits)
    i._printf_core                           0x08002aec   Section        0  printfa.o(i._printf_core)
    _printf_core                             0x08002aed   Thumb Code  1704  printfa.o(i._printf_core)
    i._printf_post_padding                   0x080031a0   Section        0  printfa.o(i._printf_post_padding)
    _printf_post_padding                     0x080031a1   Thumb Code    36  printfa.o(i._printf_post_padding)
    i._printf_pre_padding                    0x080031c4   Section        0  printfa.o(i._printf_pre_padding)
    _printf_pre_padding                      0x080031c5   Thumb Code    46  printfa.o(i._printf_pre_padding)
    i.fputc                                  0x080031f4   Section        0  usart.o(i.fputc)
    i.main                                   0x08003210   Section        0  main.o(i.main)
    i.prvAddNewTaskToReadyList               0x0800328c   Section        0  tasks.o(i.prvAddNewTaskToReadyList)
    prvAddNewTaskToReadyList                 0x0800328d   Thumb Code   200  tasks.o(i.prvAddNewTaskToReadyList)
    i.prvCheckTasksWaitingTermination        0x08003370   Section        0  tasks.o(i.prvCheckTasksWaitingTermination)
    prvCheckTasksWaitingTermination          0x08003371   Thumb Code    60  tasks.o(i.prvCheckTasksWaitingTermination)
    i.prvDeleteTCB                           0x080033b8   Section        0  tasks.o(i.prvDeleteTCB)
    prvDeleteTCB                             0x080033b9   Thumb Code    18  tasks.o(i.prvDeleteTCB)
    i.prvHeapInit                            0x080033cc   Section        0  heap_4.o(i.prvHeapInit)
    prvHeapInit                              0x080033cd   Thumb Code    90  heap_4.o(i.prvHeapInit)
    i.prvIdleTask                            0x0800343c   Section        0  tasks.o(i.prvIdleTask)
    prvIdleTask                              0x0800343d   Thumb Code    32  tasks.o(i.prvIdleTask)
    i.prvInitialiseNewTask                   0x08003464   Section        0  tasks.o(i.prvInitialiseNewTask)
    prvInitialiseNewTask                     0x08003465   Thumb Code   172  tasks.o(i.prvInitialiseNewTask)
    i.prvInitialiseTaskLists                 0x08003530   Section        0  tasks.o(i.prvInitialiseTaskLists)
    prvInitialiseTaskLists                   0x08003531   Thumb Code    70  tasks.o(i.prvInitialiseTaskLists)
    i.prvInsertBlockIntoFreeList             0x08003598   Section        0  heap_4.o(i.prvInsertBlockIntoFreeList)
    prvInsertBlockIntoFreeList               0x08003599   Thumb Code    96  heap_4.o(i.prvInsertBlockIntoFreeList)
    i.prvResetNextTaskUnblockTime            0x08003600   Section        0  tasks.o(i.prvResetNextTaskUnblockTime)
    prvResetNextTaskUnblockTime              0x08003601   Thumb Code    40  tasks.o(i.prvResetNextTaskUnblockTime)
    i.prvTaskExitError                       0x08003630   Section        0  port.o(i.prvTaskExitError)
    prvTaskExitError                         0x08003631   Thumb Code    48  port.o(i.prvTaskExitError)
    i.pvPortMalloc                           0x0800369c   Section        0  heap_4.o(i.pvPortMalloc)
    i.pxPortInitialiseStack                  0x080037e8   Section        0  port.o(i.pxPortInitialiseStack)
    i.uxListRemove                           0x08003814   Section        0  list.o(i.uxListRemove)
    i.vListInitialise                        0x0800383c   Section        0  list.o(i.vListInitialise)
    i.vListInitialiseItem                    0x08003856   Section        0  list.o(i.vListInitialiseItem)
    i.vPortEnterCritical                     0x0800385c   Section        0  port.o(i.vPortEnterCritical)
    i.vPortExitCritical                      0x080038e0   Section        0  port.o(i.vPortExitCritical)
    i.vPortFree                              0x0800394c   Section        0  heap_4.o(i.vPortFree)
    i.vPortSetupTimerInterrupt               0x080039f8   Section        0  port.o(i.vPortSetupTimerInterrupt)
    i.vTaskStartScheduler                    0x08003a20   Section        0  tasks.o(i.vTaskStartScheduler)
    i.vTaskSuspendAll                        0x08003ac8   Section        0  tasks.o(i.vTaskSuspendAll)
    i.vTaskSwitchContext                     0x08003ad8   Section        0  tasks.o(i.vTaskSwitchContext)
    i.xPortStartScheduler                    0x08003b7c   Section        0  port.o(i.xPortStartScheduler)
    i.xTaskCreate                            0x08003d14   Section        0  tasks.o(i.xTaskCreate)
    i.xTaskIncrementTick                     0x08003d7c   Section        0  tasks.o(i.xTaskIncrementTick)
    i.xTaskResumeAll                         0x08003f4c   Section        0  tasks.o(i.xTaskResumeAll)
    .constdata                               0x080040d8   Section       32  stm32f3xx_hal_rcc.o(.constdata)
    aPLLMULFactorTable                       0x080040d8   Data          16  stm32f3xx_hal_rcc.o(.constdata)
    aPredivFactorTable                       0x080040e8   Data          16  stm32f3xx_hal_rcc.o(.constdata)
    .constdata                               0x080040f8   Section       24  system_stm32f3xx.o(.constdata)
    .data                                    0x20000000   Section        8  main.o(.data)
    .data                                    0x20000008   Section        9  stm32f3xx_hal.o(.data)
    .data                                    0x20000014   Section        4  system_stm32f3xx.o(.data)
    .data                                    0x20000018   Section       28  heap_4.o(.data)
    xStart                                   0x20000018   Data           8  heap_4.o(.data)
    pxEnd                                    0x20000020   Data           4  heap_4.o(.data)
    xFreeBytesRemaining                      0x20000024   Data           4  heap_4.o(.data)
    xMinimumEverFreeBytesRemaining           0x20000028   Data           4  heap_4.o(.data)
    xNumberOfSuccessfulAllocations           0x2000002c   Data           4  heap_4.o(.data)
    xNumberOfSuccessfulFrees                 0x20000030   Data           4  heap_4.o(.data)
    .data                                    0x20000034   Section       12  port.o(.data)
    uxCriticalNesting                        0x20000034   Data           4  port.o(.data)
    ucMaxSysCallPriority                     0x20000038   Data           1  port.o(.data)
    ulMaxPRIGROUPValue                       0x2000003c   Data           4  port.o(.data)
    .data                                    0x20000040   Section       64  tasks.o(.data)
    pxDelayedTaskList                        0x20000044   Data           4  tasks.o(.data)
    pxOverflowDelayedTaskList                0x20000048   Data           4  tasks.o(.data)
    uxDeletedTasksWaitingCleanUp             0x2000004c   Data           4  tasks.o(.data)
    uxCurrentNumberOfTasks                   0x20000050   Data           4  tasks.o(.data)
    xTickCount                               0x20000054   Data           4  tasks.o(.data)
    uxTopReadyPriority                       0x20000058   Data           4  tasks.o(.data)
    xSchedulerRunning                        0x2000005c   Data           4  tasks.o(.data)
    xPendedTicks                             0x20000060   Data           4  tasks.o(.data)
    xYieldPending                            0x20000064   Data           4  tasks.o(.data)
    xNumOfOverflows                          0x20000068   Data           4  tasks.o(.data)
    uxTaskNumber                             0x2000006c   Data           4  tasks.o(.data)
    xNextTaskUnblockTime                     0x20000070   Data           4  tasks.o(.data)
    xIdleTaskHandle                          0x20000074   Data           4  tasks.o(.data)
    uxSchedulerSuspended                     0x2000007c   Data           4  tasks.o(.data)
    .data                                    0x20000080   Section        4  stdout.o(.data)
    .bss                                     0x20000084   Section      136  usart.o(.bss)
    .bss                                     0x2000010c   Section       76  stm32f3xx_hal_timebase_tim.o(.bss)
    .bss                                     0x20000158   Section    20480  heap_4.o(.bss)
    ucHeap                                   0x20000158   Data       20480  heap_4.o(.bss)
    .bss                                     0x20005158   Section      740  tasks.o(.bss)
    pxReadyTasksLists                        0x20005158   Data         640  tasks.o(.bss)
    xDelayedTaskList1                        0x200053d8   Data          20  tasks.o(.bss)
    xDelayedTaskList2                        0x200053ec   Data          20  tasks.o(.bss)
    xPendingReadyList                        0x20005400   Data          20  tasks.o(.bss)
    xTasksWaitingTermination                 0x20005414   Data          20  tasks.o(.bss)
    xSuspendedTaskList                       0x20005428   Data          20  tasks.o(.bss)
    STACK                                    0x20005440   Section     1024  startup_stm32f373xc.o(STACK)

    Global Symbols

    Symbol Name                              Value     Ov Type        Size  Object(Section)

    BuildAttributes$$THM_ISAv4$E$P$D$K$B$S$7EM$VFPi3$EXTD16$VFPS$VFMA$PE$A:L22UL41UL21$X:L11$S22US41US21$IEEE1$IW$USESV6$~STKCKD$USESV7$~SHL$OSPACE$ROPI$EBA8$MICROLIB$REQ8$PRES8$EABIv2 0x00000000   Number         0  anon$$obj.o ABSOLUTE
    __ARM_use_no_argv                        0x00000000   Number         0  main.o ABSOLUTE
    _printf_a                                0x00000000   Number         0  stubs.o ABSOLUTE
    _printf_c                                0x00000000   Number         0  stubs.o ABSOLUTE
    _printf_charcount                        0x00000000   Number         0  stubs.o ABSOLUTE
    _printf_d                                0x00000000   Number         0  stubs.o ABSOLUTE
    _printf_e                                0x00000000   Number         0  stubs.o ABSOLUTE
    _printf_f                                0x00000000   Number         0  stubs.o ABSOLUTE
    _printf_flags                            0x00000000   Number         0  stubs.o ABSOLUTE
    _printf_fp_dec                           0x00000000   Number         0  stubs.o ABSOLUTE
    _printf_fp_hex                           0x00000000   Number         0  stubs.o ABSOLUTE
    _printf_g                                0x00000000   Number         0  stubs.o ABSOLUTE
    _printf_i                                0x00000000   Number         0  stubs.o ABSOLUTE
    _printf_int_dec                          0x00000000   Number         0  stubs.o ABSOLUTE
    _printf_l                                0x00000000   Number         0  stubs.o ABSOLUTE
    _printf_lc                               0x00000000   Number         0  stubs.o ABSOLUTE
    _printf_ll                               0x00000000   Number         0  stubs.o ABSOLUTE
    _printf_lld                              0x00000000   Number         0  stubs.o ABSOLUTE
    _printf_lli                              0x00000000   Number         0  stubs.o ABSOLUTE
    _printf_llo                              0x00000000   Number         0  stubs.o ABSOLUTE
    _printf_llu                              0x00000000   Number         0  stubs.o ABSOLUTE
    _printf_llx                              0x00000000   Number         0  stubs.o ABSOLUTE
    _printf_longlong_dec                     0x00000000   Number         0  stubs.o ABSOLUTE
    _printf_longlong_hex                     0x00000000   Number         0  stubs.o ABSOLUTE
    _printf_longlong_oct                     0x00000000   Number         0  stubs.o ABSOLUTE
    _printf_ls                               0x00000000   Number         0  stubs.o ABSOLUTE
    _printf_mbtowc                           0x00000000   Number         0  stubs.o ABSOLUTE
    _printf_n                                0x00000000   Number         0  stubs.o ABSOLUTE
    _printf_o                                0x00000000   Number         0  stubs.o ABSOLUTE
    _printf_p                                0x00000000   Number         0  stubs.o ABSOLUTE
    _printf_percent                          0x00000000   Number         0  stubs.o ABSOLUTE
    _printf_pre_padding                      0x00000000   Number         0  stubs.o ABSOLUTE
    _printf_return_value                     0x00000000   Number         0  stubs.o ABSOLUTE
    _printf_s                                0x00000000   Number         0  stubs.o ABSOLUTE
    _printf_sizespec                         0x00000000   Number         0  stubs.o ABSOLUTE
    _printf_str                              0x00000000   Number         0  stubs.o ABSOLUTE
    _printf_truncate_signed                  0x00000000   Number         0  stubs.o ABSOLUTE
    _printf_truncate_unsigned                0x00000000   Number         0  stubs.o ABSOLUTE
    _printf_u                                0x00000000   Number         0  stubs.o ABSOLUTE
    _printf_wc                               0x00000000   Number         0  stubs.o ABSOLUTE
    _printf_wctomb                           0x00000000   Number         0  stubs.o ABSOLUTE
    _printf_widthprec                        0x00000000   Number         0  stubs.o ABSOLUTE
    _printf_x                                0x00000000   Number         0  stubs.o ABSOLUTE
    __arm_fini_                               - Undefined Weak Reference
    __cpp_initialize__aeabi_                  - Undefined Weak Reference
    __cxa_finalize                            - Undefined Weak Reference
    __decompress                              - Undefined Weak Reference
    _clock_init                               - Undefined Weak Reference
    _microlib_exit                            - Undefined Weak Reference
    __Vectors_Size                           0x00000188   Number         0  startup_stm32f373xc.o ABSOLUTE
    __Vectors                                0x08000000   Data           4  startup_stm32f373xc.o(RESET)
    __Vectors_End                            0x08000188   Data           0  startup_stm32f373xc.o(RESET)
    __main                                   0x08000189   Thumb Code     0  entry.o(.ARM.Collect$$$$00000000)
    _main_stk                                0x08000189   Thumb Code     0  entry2.o(.ARM.Collect$$$$00000001)
    _main_scatterload                        0x0800018d   Thumb Code     0  entry5.o(.ARM.Collect$$$$00000004)
    __main_after_scatterload                 0x08000191   Thumb Code     0  entry5.o(.ARM.Collect$$$$00000004)
    _main_clock                              0x08000191   Thumb Code     0  entry7b.o(.ARM.Collect$$$$00000008)
    _main_cpp_init                           0x08000191   Thumb Code     0  entry8b.o(.ARM.Collect$$$$0000000A)
    _main_init                               0x08000191   Thumb Code     0  entry9a.o(.ARM.Collect$$$$0000000B)
    __rt_lib_shutdown_fini                   0x08000199   Thumb Code     0  entry12b.o(.ARM.Collect$$$$0000000E)
    __rt_final_cpp                           0x0800019d   Thumb Code     0  entry10a.o(.ARM.Collect$$$$0000000F)
    __rt_final_exit                          0x0800019d   Thumb Code     0  entry11a.o(.ARM.Collect$$$$00000011)
    SVC_Handler                              0x080001a1   Thumb Code    28  port.o(.emb_text)
    __asm___6_port_c_39a90d8d__prvStartFirstTask 0x080001c1   Thumb Code    36  port.o(.emb_text)
    __asm___6_port_c_39a90d8d__prvEnableVFP  0x080001e9   Thumb Code    16  port.o(.emb_text)
    PendSV_Handler                           0x080001fd   Thumb Code    88  port.o(.emb_text)
    vPortGetIPSR                             0x08000259   Thumb Code     6  port.o(.emb_text)
    Reset_Handler                            0x08000261   Thumb Code     8  startup_stm32f373xc.o(.text)
    NMI_Handler                              0x08000269   Thumb Code     2  startup_stm32f373xc.o(.text)
    HardFault_Handler                        0x0800026b   Thumb Code     2  startup_stm32f373xc.o(.text)
    MemManage_Handler                        0x0800026d   Thumb Code     2  startup_stm32f373xc.o(.text)
    BusFault_Handler                         0x0800026f   Thumb Code     2  startup_stm32f373xc.o(.text)
    UsageFault_Handler                       0x08000271   Thumb Code     2  startup_stm32f373xc.o(.text)
    DebugMon_Handler                         0x08000275   Thumb Code     2  startup_stm32f373xc.o(.text)
    ADC1_IRQHandler                          0x0800027b   Thumb Code     0  startup_stm32f373xc.o(.text)
    CAN_RX0_IRQHandler                       0x0800027b   Thumb Code     0  startup_stm32f373xc.o(.text)
    CAN_RX1_IRQHandler                       0x0800027b   Thumb Code     0  startup_stm32f373xc.o(.text)
    CAN_SCE_IRQHandler                       0x0800027b   Thumb Code     0  startup_stm32f373xc.o(.text)
    CAN_TX_IRQHandler                        0x0800027b   Thumb Code     0  startup_stm32f373xc.o(.text)
    CEC_IRQHandler                           0x0800027b   Thumb Code     0  startup_stm32f373xc.o(.text)
    COMP_IRQHandler                          0x0800027b   Thumb Code     0  startup_stm32f373xc.o(.text)
    DMA1_Channel1_IRQHandler                 0x0800027b   Thumb Code     0  startup_stm32f373xc.o(.text)
    DMA1_Channel2_IRQHandler                 0x0800027b   Thumb Code     0  startup_stm32f373xc.o(.text)
    DMA1_Channel3_IRQHandler                 0x0800027b   Thumb Code     0  startup_stm32f373xc.o(.text)
    DMA1_Channel4_IRQHandler                 0x0800027b   Thumb Code     0  startup_stm32f373xc.o(.text)
    DMA1_Channel5_IRQHandler                 0x0800027b   Thumb Code     0  startup_stm32f373xc.o(.text)
    DMA1_Channel6_IRQHandler                 0x0800027b   Thumb Code     0  startup_stm32f373xc.o(.text)
    DMA1_Channel7_IRQHandler                 0x0800027b   Thumb Code     0  startup_stm32f373xc.o(.text)
    DMA2_Channel1_IRQHandler                 0x0800027b   Thumb Code     0  startup_stm32f373xc.o(.text)
    DMA2_Channel2_IRQHandler                 0x0800027b   Thumb Code     0  startup_stm32f373xc.o(.text)
    DMA2_Channel3_IRQHandler                 0x0800027b   Thumb Code     0  startup_stm32f373xc.o(.text)
    DMA2_Channel4_IRQHandler                 0x0800027b   Thumb Code     0  startup_stm32f373xc.o(.text)
    DMA2_Channel5_IRQHandler                 0x0800027b   Thumb Code     0  startup_stm32f373xc.o(.text)
    EXTI0_IRQHandler                         0x0800027b   Thumb Code     0  startup_stm32f373xc.o(.text)
    EXTI15_10_IRQHandler                     0x0800027b   Thumb Code     0  startup_stm32f373xc.o(.text)
    EXTI1_IRQHandler                         0x0800027b   Thumb Code     0  startup_stm32f373xc.o(.text)
    EXTI2_TSC_IRQHandler                     0x0800027b   Thumb Code     0  startup_stm32f373xc.o(.text)
    EXTI3_IRQHandler                         0x0800027b   Thumb Code     0  startup_stm32f373xc.o(.text)
    EXTI4_IRQHandler                         0x0800027b   Thumb Code     0  startup_stm32f373xc.o(.text)
    EXTI9_5_IRQHandler                       0x0800027b   Thumb Code     0  startup_stm32f373xc.o(.text)
    FLASH_IRQHandler                         0x0800027b   Thumb Code     0  startup_stm32f373xc.o(.text)
    FPU_IRQHandler                           0x0800027b   Thumb Code     0  startup_stm32f373xc.o(.text)
    I2C1_ER_IRQHandler                       0x0800027b   Thumb Code     0  startup_stm32f373xc.o(.text)
    I2C1_EV_IRQHandler                       0x0800027b   Thumb Code     0  startup_stm32f373xc.o(.text)
    I2C2_ER_IRQHandler                       0x0800027b   Thumb Code     0  startup_stm32f373xc.o(.text)
    I2C2_EV_IRQHandler                       0x0800027b   Thumb Code     0  startup_stm32f373xc.o(.text)
    PVD_IRQHandler                           0x0800027b   Thumb Code     0  startup_stm32f373xc.o(.text)
    RCC_IRQHandler                           0x0800027b   Thumb Code     0  startup_stm32f373xc.o(.text)
    RTC_Alarm_IRQHandler                     0x0800027b   Thumb Code     0  startup_stm32f373xc.o(.text)
    RTC_WKUP_IRQHandler                      0x0800027b   Thumb Code     0  startup_stm32f373xc.o(.text)
    SDADC1_IRQHandler                        0x0800027b   Thumb Code     0  startup_stm32f373xc.o(.text)
    SDADC2_IRQHandler                        0x0800027b   Thumb Code     0  startup_stm32f373xc.o(.text)
    SDADC3_IRQHandler                        0x0800027b   Thumb Code     0  startup_stm32f373xc.o(.text)
    SPI1_IRQHandler                          0x0800027b   Thumb Code     0  startup_stm32f373xc.o(.text)
    SPI2_IRQHandler                          0x0800027b   Thumb Code     0  startup_stm32f373xc.o(.text)
    SPI3_IRQHandler                          0x0800027b   Thumb Code     0  startup_stm32f373xc.o(.text)
    TAMP_STAMP_IRQHandler                    0x0800027b   Thumb Code     0  startup_stm32f373xc.o(.text)
    TIM12_IRQHandler                         0x0800027b   Thumb Code     0  startup_stm32f373xc.o(.text)
    TIM13_IRQHandler                         0x0800027b   Thumb Code     0  startup_stm32f373xc.o(.text)
    TIM14_IRQHandler                         0x0800027b   Thumb Code     0  startup_stm32f373xc.o(.text)
    TIM15_IRQHandler                         0x0800027b   Thumb Code     0  startup_stm32f373xc.o(.text)
    TIM16_IRQHandler                         0x0800027b   Thumb Code     0  startup_stm32f373xc.o(.text)
    TIM17_IRQHandler                         0x0800027b   Thumb Code     0  startup_stm32f373xc.o(.text)
    TIM18_DAC2_IRQHandler                    0x0800027b   Thumb Code     0  startup_stm32f373xc.o(.text)
    TIM2_IRQHandler                          0x0800027b   Thumb Code     0  startup_stm32f373xc.o(.text)
    TIM3_IRQHandler                          0x0800027b   Thumb Code     0  startup_stm32f373xc.o(.text)
    TIM4_IRQHandler                          0x0800027b   Thumb Code     0  startup_stm32f373xc.o(.text)
    TIM5_IRQHandler                          0x0800027b   Thumb Code     0  startup_stm32f373xc.o(.text)
    TIM6_DAC1_IRQHandler                     0x0800027b   Thumb Code     0  startup_stm32f373xc.o(.text)
    TIM7_IRQHandler                          0x0800027b   Thumb Code     0  startup_stm32f373xc.o(.text)
    USART1_IRQHandler                        0x0800027b   Thumb Code     0  startup_stm32f373xc.o(.text)
    USART2_IRQHandler                        0x0800027b   Thumb Code     0  startup_stm32f373xc.o(.text)
    USART3_IRQHandler                        0x0800027b   Thumb Code     0  startup_stm32f373xc.o(.text)
    USBWakeUp_IRQHandler                     0x0800027b   Thumb Code     0  startup_stm32f373xc.o(.text)
    USB_HP_IRQHandler                        0x0800027b   Thumb Code     0  startup_stm32f373xc.o(.text)
    USB_LP_IRQHandler                        0x0800027b   Thumb Code     0  startup_stm32f373xc.o(.text)
    WWDG_IRQHandler                          0x0800027b   Thumb Code     0  startup_stm32f373xc.o(.text)
    __aeabi_uldivmod                         0x08000285   Thumb Code    98  uldiv.o(.text)
    __aeabi_llsr                             0x080002e7   Thumb Code    32  llushr.o(.text)
    _ll_ushift_r                             0x080002e7   Thumb Code     0  llushr.o(.text)
    __aeabi_memset                           0x08000307   Thumb Code    14  memseta.o(.text)
    __aeabi_memset4                          0x08000307   Thumb Code     0  memseta.o(.text)
    __aeabi_memset8                          0x08000307   Thumb Code     0  memseta.o(.text)
    __aeabi_memclr                           0x08000315   Thumb Code     4  memseta.o(.text)
    __aeabi_memclr4                          0x08000315   Thumb Code     0  memseta.o(.text)
    __aeabi_memclr8                          0x08000315   Thumb Code     0  memseta.o(.text)
    _memset$wrapper                          0x08000319   Thumb Code    18  memseta.o(.text)
    __aeabi_uidiv                            0x0800032b   Thumb Code     0  uidiv.o(.text)
    __aeabi_uidivmod                         0x0800032b   Thumb Code    44  uidiv.o(.text)
    __aeabi_llsl                             0x08000357   Thumb Code    30  llshl.o(.text)
    _ll_shift_l                              0x08000357   Thumb Code     0  llshl.o(.text)
    __I$use$fp                               0x08000375   Thumb Code     0  iusefp.o(.text)
    __aeabi_dadd                             0x08000375   Thumb Code   322  dadd.o(.text)
    __aeabi_dsub                             0x080004b7   Thumb Code     6  dadd.o(.text)
    __aeabi_drsub                            0x080004bd   Thumb Code     6  dadd.o(.text)
    __aeabi_dmul                             0x080004c3   Thumb Code   228  dmul.o(.text)
    __aeabi_ddiv                             0x080005a7   Thumb Code   222  ddiv.o(.text)
    __aeabi_d2ulz                            0x08000685   Thumb Code    48  dfixul.o(.text)
    __aeabi_cdrcmple                         0x080006b5   Thumb Code    48  cdrcmple.o(.text)
    __scatterload                            0x080006e5   Thumb Code    28  init.o(.text)
    __scatterload_rt2                        0x080006e5   Thumb Code     0  init.o(.text)
    __aeabi_lasr                             0x08000709   Thumb Code    36  llsshr.o(.text)
    _ll_sshift_r                             0x08000709   Thumb Code     0  llsshr.o(.text)
    _double_round                            0x0800072d   Thumb Code    30  depilogue.o(.text)
    _double_epilogue                         0x0800074b   Thumb Code   156  depilogue.o(.text)
    AppTaskCreate                            0x080007e7   Thumb Code    12  main.o(i.AppTaskCreate)
    AppTaskCreate2                           0x080007f5   Thumb Code    54  main.o(i.AppTaskCreate2)
    Error_Handler                            0x0800089d   Thumb Code     6  main.o(i.Error_Handler)
    HAL_Delay                                0x080008a5   Thumb Code    36  stm32f3xx_hal.o(i.HAL_Delay)
    HAL_GPIO_Init                            0x080008cd   Thumb Code   418  stm32f3xx_hal_gpio.o(i.HAL_GPIO_Init)
    HAL_GPIO_WritePin                        0x08000a8d   Thumb Code    10  stm32f3xx_hal_gpio.o(i.HAL_GPIO_WritePin)
    HAL_GetTick                              0x08000a99   Thumb Code     6  stm32f3xx_hal.o(i.HAL_GetTick)
    HAL_IncTick                              0x08000aa5   Thumb Code    16  stm32f3xx_hal.o(i.HAL_IncTick)
    HAL_Init                                 0x08000abd   Thumb Code    34  stm32f3xx_hal.o(i.HAL_Init)
    HAL_InitTick                             0x08000ae5   Thumb Code   136  stm32f3xx_hal_timebase_tim.o(i.HAL_InitTick)
    HAL_MspInit                              0x08000b81   Thumb Code    58  stm32f3xx_hal_msp.o(i.HAL_MspInit)
    HAL_NVIC_EnableIRQ                       0x08000bc1   Thumb Code    32  stm32f3xx_hal_cortex.o(i.HAL_NVIC_EnableIRQ)
    HAL_NVIC_SetPriority                     0x08000be1   Thumb Code   124  stm32f3xx_hal_cortex.o(i.HAL_NVIC_SetPriority)
    HAL_NVIC_SetPriorityGrouping             0x08000c5d   Thumb Code    32  stm32f3xx_hal_cortex.o(i.HAL_NVIC_SetPriorityGrouping)
    HAL_RCCEx_PeriphCLKConfig                0x08000c85   Thumb Code   620  stm32f3xx_hal_rcc_ex.o(i.HAL_RCCEx_PeriphCLKConfig)
    HAL_RCC_ClockConfig                      0x08000efd   Thumb Code   664  stm32f3xx_hal_rcc.o(i.HAL_RCC_ClockConfig)
    HAL_RCC_GetClockConfig                   0x080011a9   Thumb Code    58  stm32f3xx_hal_rcc.o(i.HAL_RCC_GetClockConfig)
    HAL_RCC_GetHCLKFreq                      0x080011ed   Thumb Code     6  stm32f3xx_hal_rcc.o(i.HAL_RCC_GetHCLKFreq)
    HAL_RCC_GetPCLK1Freq                     0x080011f9   Thumb Code    36  stm32f3xx_hal_rcc.o(i.HAL_RCC_GetPCLK1Freq)
    HAL_RCC_GetPCLK2Freq                     0x08001225   Thumb Code    36  stm32f3xx_hal_rcc.o(i.HAL_RCC_GetPCLK2Freq)
    HAL_RCC_GetSysClockFreq                  0x08001251   Thumb Code   138  stm32f3xx_hal_rcc.o(i.HAL_RCC_GetSysClockFreq)
    HAL_RCC_OscConfig                        0x080012f1   Thumb Code  2586  stm32f3xx_hal_rcc.o(i.HAL_RCC_OscConfig)
    HAL_TIMEx_BreakCallback                  0x08001d15   Thumb Code     2  stm32f3xx_hal_tim_ex.o(i.HAL_TIMEx_BreakCallback)
    HAL_TIMEx_CommutCallback                 0x08001d17   Thumb Code     2  stm32f3xx_hal_tim_ex.o(i.HAL_TIMEx_CommutCallback)
    HAL_TIM_Base_Init                        0x08001d19   Thumb Code   102  stm32f3xx_hal_tim.o(i.HAL_TIM_Base_Init)
    HAL_TIM_Base_MspInit                     0x08001d7f   Thumb Code     2  stm32f3xx_hal_tim.o(i.HAL_TIM_Base_MspInit)
    HAL_TIM_Base_Start_IT                    0x08001d81   Thumb Code   130  stm32f3xx_hal_tim.o(i.HAL_TIM_Base_Start_IT)
    HAL_TIM_IC_CaptureCallback               0x08001e1d   Thumb Code     2  stm32f3xx_hal_tim.o(i.HAL_TIM_IC_CaptureCallback)
    HAL_TIM_IRQHandler                       0x08001e1f   Thumb Code   406  stm32f3xx_hal_tim.o(i.HAL_TIM_IRQHandler)
    HAL_TIM_OC_DelayElapsedCallback          0x08001fb5   Thumb Code     2  stm32f3xx_hal_tim.o(i.HAL_TIM_OC_DelayElapsedCallback)
    HAL_TIM_PWM_PulseFinishedCallback        0x08001fb7   Thumb Code     2  stm32f3xx_hal_tim.o(i.HAL_TIM_PWM_PulseFinishedCallback)
    HAL_TIM_PeriodElapsedCallback            0x08001fb9   Thumb Code    18  main.o(i.HAL_TIM_PeriodElapsedCallback)
    HAL_TIM_TriggerCallback                  0x08001fd1   Thumb Code     2  stm32f3xx_hal_tim.o(i.HAL_TIM_TriggerCallback)
    HAL_UART_Init                            0x08001fd3   Thumb Code   116  stm32f3xx_hal_uart.o(i.HAL_UART_Init)
    HAL_UART_MspInit                         0x08002049   Thumb Code   112  usart.o(i.HAL_UART_MspInit)
    HAL_UART_Transmit                        0x080020c1   Thumb Code   186  stm32f3xx_hal_uart.o(i.HAL_UART_Transmit)
    MX_GPIO_Init                             0x0800217d   Thumb Code   130  gpio.o(i.MX_GPIO_Init)
    MX_USART1_UART_Init                      0x08002209   Thumb Code    66  usart.o(i.MX_USART1_UART_Init)
    SysTick_Handler                          0x08002255   Thumb Code    46  port.o(i.SysTick_Handler)
    SystemClock_Config                       0x08002289   Thumb Code   130  main.o(i.SystemClock_Config)
    SystemInit                               0x0800230d   Thumb Code    14  system_stm32f3xx.o(i.SystemInit)
    TIM19_IRQHandler                         0x08002321   Thumb Code    10  stm32f3xx_it.o(i.TIM19_IRQHandler)
    TIM_Base_SetConfig                       0x08002331   Thumb Code   164  stm32f3xx_hal_tim.o(i.TIM_Base_SetConfig)
    UART_AdvFeatureConfig                    0x080023fd   Thumb Code   248  stm32f3xx_hal_uart.o(i.UART_AdvFeatureConfig)
    UART_CheckIdleState                      0x080024f5   Thumb Code   230  stm32f3xx_hal_uart.o(i.UART_CheckIdleState)
    UART_SetConfig                           0x08002641   Thumb Code   502  stm32f3xx_hal_uart.o(i.UART_SetConfig)
    UART_WaitOnFlagUntilTimeout              0x0800284d   Thumb Code   162  stm32f3xx_hal_uart.o(i.UART_WaitOnFlagUntilTimeout)
    __0printf                                0x080028f1   Thumb Code    22  printfa.o(i.__0printf)
    __1printf                                0x080028f1   Thumb Code     0  printfa.o(i.__0printf)
    __2printf                                0x080028f1   Thumb Code     0  printfa.o(i.__0printf)
    __c89printf                              0x080028f1   Thumb Code     0  printfa.o(i.__0printf)
    printf                                   0x080028f1   Thumb Code     0  printfa.o(i.__0printf)
    __scatterload_copy                       0x08002949   Thumb Code    14  handlers.o(i.__scatterload_copy)
    __scatterload_null                       0x08002957   Thumb Code     2  handlers.o(i.__scatterload_null)
    __scatterload_zeroinit                   0x08002959   Thumb Code    14  handlers.o(i.__scatterload_zeroinit)
    fputc                                    0x080031f5   Thumb Code    22  usart.o(i.fputc)
    main                                     0x08003211   Thumb Code    76  main.o(i.main)
    pvPortMalloc                             0x0800369d   Thumb Code   258  heap_4.o(i.pvPortMalloc)
    pxPortInitialiseStack                    0x080037e9   Thumb Code    38  port.o(i.pxPortInitialiseStack)
    uxListRemove                             0x08003815   Thumb Code    40  list.o(i.uxListRemove)
    vListInitialise                          0x0800383d   Thumb Code    26  list.o(i.vListInitialise)
    vListInitialiseItem                      0x08003857   Thumb Code     6  list.o(i.vListInitialiseItem)
    vPortEnterCritical                       0x0800385d   Thumb Code    68  port.o(i.vPortEnterCritical)
    vPortExitCritical                        0x080038e1   Thumb Code    48  port.o(i.vPortExitCritical)
    vPortFree                                0x0800394d   Thumb Code   112  heap_4.o(i.vPortFree)
    vPortSetupTimerInterrupt                 0x080039f9   Thumb Code    36  port.o(i.vPortSetupTimerInterrupt)
    vTaskStartScheduler                      0x08003a21   Thumb Code   102  tasks.o(i.vTaskStartScheduler)
    vTaskSuspendAll                          0x08003ac9   Thumb Code    12  tasks.o(i.vTaskSuspendAll)
    vTaskSwitchContext                       0x08003ad9   Thumb Code   110  tasks.o(i.vTaskSwitchContext)
    xPortStartScheduler                      0x08003b7d   Thumb Code   322  port.o(i.xPortStartScheduler)
    xTaskCreate                              0x08003d15   Thumb Code   104  tasks.o(i.xTaskCreate)
    xTaskIncrementTick                       0x08003d7d   Thumb Code   388  tasks.o(i.xTaskIncrementTick)
    xTaskResumeAll                           0x08003f4d   Thumb Code   328  tasks.o(i.xTaskResumeAll)
    AHBPrescTable                            0x080040f8   Data          16  system_stm32f3xx.o(.constdata)
    APBPrescTable                            0x08004108   Data           8  system_stm32f3xx.o(.constdata)
    Region$$Table$$Base                      0x08004110   Number         0  anon$$obj.o(Region$$Table)
    Region$$Table$$Limit                     0x08004130   Number         0  anon$$obj.o(Region$$Table)
    AppTaskCreate_Handle                     0x20000000   Data           4  main.o(.data)
    AppTaskCreate_Handle_2                   0x20000004   Data           4  main.o(.data)
    uwTick                                   0x20000008   Data           4  stm32f3xx_hal.o(.data)
    uwTickPrio                               0x2000000c   Data           4  stm32f3xx_hal.o(.data)
    uwTickFreq                               0x20000010   Data           1  stm32f3xx_hal.o(.data)
    SystemCoreClock                          0x20000014   Data           4  system_stm32f3xx.o(.data)
    pxCurrentTCB                             0x20000040   Data           4  tasks.o(.data)
    uxTopUsedPriority                        0x20000078   Data           4  tasks.o(.data)
    __stdout                                 0x20000080   Data           4  stdout.o(.data)
    huart1                                   0x20000084   Data         136  usart.o(.bss)
    htim19                                   0x2000010c   Data          76  stm32f3xx_hal_timebase_tim.o(.bss)
    __initial_sp                             0x20005840   Data           0  startup_stm32f373xc.o(STACK)



==============================================================================

Memory Map of the image

  Image Entry point : 0x08000189

  Load Region LR_IROM1 (Base: 0x08000000, Size: 0x000041b4, Max: 0x00010000, ABSOLUTE)

    Execution Region ER_IROM1 (Exec base: 0x08000000, Load base: 0x08000000, Size: 0x00004130, Max: 0x00010000, ABSOLUTE)

    Exec Addr    Load Addr    Size         Type   Attr      Idx    E Section Name        Object

    0x08000000   0x08000000   0x00000188   Data   RO            3    RESET               startup_stm32f373xc.o
    0x08000188   0x08000188   0x00000000   Code   RO         4351  * .ARM.Collect$$$$00000000  mc_w.l(entry.o)
    0x08000188   0x08000188   0x00000004   Code   RO         4625    .ARM.Collect$$$$00000001  mc_w.l(entry2.o)
    0x0800018c   0x0800018c   0x00000004   Code   RO         4628    .ARM.Collect$$$$00000004  mc_w.l(entry5.o)
    0x08000190   0x08000190   0x00000000   Code   RO         4630    .ARM.Collect$$$$00000008  mc_w.l(entry7b.o)
    0x08000190   0x08000190   0x00000000   Code   RO         4632    .ARM.Collect$$$$0000000A  mc_w.l(entry8b.o)
    0x08000190   0x08000190   0x00000008   Code   RO         4633    .ARM.Collect$$$$0000000B  mc_w.l(entry9a.o)
    0x08000198   0x08000198   0x00000004   Code   RO         4640    .ARM.Collect$$$$0000000E  mc_w.l(entry12b.o)
    0x0800019c   0x0800019c   0x00000000   Code   RO         4635    .ARM.Collect$$$$0000000F  mc_w.l(entry10a.o)
    0x0800019c   0x0800019c   0x00000000   Code   RO         4637    .ARM.Collect$$$$00000011  mc_w.l(entry11a.o)
    0x0800019c   0x0800019c   0x00000004   Code   RO         4626    .ARM.Collect$$$$00002712  mc_w.l(entry2.o)
    0x080001a0   0x080001a0   0x000000be   Code   RO         3553    .emb_text           port.o
    0x0800025e   0x0800025e   0x00000002   PAD
    0x08000260   0x08000260   0x00000024   Code   RO            4    .text               startup_stm32f373xc.o
    0x08000284   0x08000284   0x00000062   Code   RO         4354    .text               mc_w.l(uldiv.o)
    0x080002e6   0x080002e6   0x00000020   Code   RO         4356    .text               mc_w.l(llushr.o)
    0x08000306   0x08000306   0x00000024   Code   RO         4360    .text               mc_w.l(memseta.o)
    0x0800032a   0x0800032a   0x0000002c   Code   RO         4642    .text               mc_w.l(uidiv.o)
    0x08000356   0x08000356   0x0000001e   Code   RO         4644    .text               mc_w.l(llshl.o)
    0x08000374   0x08000374   0x00000000   Code   RO         4646    .text               mc_w.l(iusefp.o)
    0x08000374   0x08000374   0x0000014e   Code   RO         4647    .text               mf_w.l(dadd.o)
    0x080004c2   0x080004c2   0x000000e4   Code   RO         4649    .text               mf_w.l(dmul.o)
    0x080005a6   0x080005a6   0x000000de   Code   RO         4651    .text               mf_w.l(ddiv.o)
    0x08000684   0x08000684   0x00000030   Code   RO         4653    .text               mf_w.l(dfixul.o)
    0x080006b4   0x080006b4   0x00000030   Code   RO         4655    .text               mf_w.l(cdrcmple.o)
    0x080006e4   0x080006e4   0x00000024   Code   RO         4657    .text               mc_w.l(init.o)
    0x08000708   0x08000708   0x00000024   Code   RO         4659    .text               mc_w.l(llsshr.o)
    0x0800072c   0x0800072c   0x000000ba   Code   RO         4661    .text               mf_w.l(depilogue.o)
    0x080007e6   0x080007e6   0x0000000c   Code   RO           13    i.AppTaskCreate     main.o
    0x080007f2   0x080007f2   0x00000002   PAD
    0x080007f4   0x080007f4   0x000000a8   Code   RO           14    i.AppTaskCreate2    main.o
    0x0800089c   0x0800089c   0x00000006   Code   RO           15    i.Error_Handler     main.o
    0x080008a2   0x080008a2   0x00000002   PAD
    0x080008a4   0x080008a4   0x00000028   Code   RO         1848    i.HAL_Delay         stm32f3xx_hal.o
    0x080008cc   0x080008cc   0x000001c0   Code   RO         2164    i.HAL_GPIO_Init     stm32f3xx_hal_gpio.o
    0x08000a8c   0x08000a8c   0x0000000a   Code   RO         2168    i.HAL_GPIO_WritePin  stm32f3xx_hal_gpio.o
    0x08000a96   0x08000a96   0x00000002   PAD
    0x08000a98   0x08000a98   0x0000000c   Code   RO         1852    i.HAL_GetTick       stm32f3xx_hal.o
    0x08000aa4   0x08000aa4   0x00000018   Code   RO         1858    i.HAL_IncTick       stm32f3xx_hal.o
    0x08000abc   0x08000abc   0x00000028   Code   RO         1859    i.HAL_Init          stm32f3xx_hal.o
    0x08000ae4   0x08000ae4   0x0000009c   Code   RO          338    i.HAL_InitTick      stm32f3xx_hal_timebase_tim.o
    0x08000b80   0x08000b80   0x00000040   Code   RO          314    i.HAL_MspInit       stm32f3xx_hal_msp.o
    0x08000bc0   0x08000bc0   0x00000020   Code   RO         2332    i.HAL_NVIC_EnableIRQ  stm32f3xx_hal_cortex.o
    0x08000be0   0x08000be0   0x0000007c   Code   RO         2338    i.HAL_NVIC_SetPriority  stm32f3xx_hal_cortex.o
    0x08000c5c   0x08000c5c   0x00000028   Code   RO         2339    i.HAL_NVIC_SetPriorityGrouping  stm32f3xx_hal_cortex.o
    0x08000c84   0x08000c84   0x00000278   Code   RO         2121    i.HAL_RCCEx_PeriphCLKConfig  stm32f3xx_hal_rcc_ex.o
    0x08000efc   0x08000efc   0x000002ac   Code   RO         2016    i.HAL_RCC_ClockConfig  stm32f3xx_hal_rcc.o
    0x080011a8   0x080011a8   0x00000044   Code   RO         2020    i.HAL_RCC_GetClockConfig  stm32f3xx_hal_rcc.o
    0x080011ec   0x080011ec   0x0000000c   Code   RO         2021    i.HAL_RCC_GetHCLKFreq  stm32f3xx_hal_rcc.o
    0x080011f8   0x080011f8   0x0000002c   Code   RO         2023    i.HAL_RCC_GetPCLK1Freq  stm32f3xx_hal_rcc.o
    0x08001224   0x08001224   0x0000002c   Code   RO         2024    i.HAL_RCC_GetPCLK2Freq  stm32f3xx_hal_rcc.o
    0x08001250   0x08001250   0x000000a0   Code   RO         2025    i.HAL_RCC_GetSysClockFreq  stm32f3xx_hal_rcc.o
    0x080012f0   0x080012f0   0x00000a24   Code   RO         2028    i.HAL_RCC_OscConfig  stm32f3xx_hal_rcc.o
    0x08001d14   0x08001d14   0x00000002   Code   RO         1094    i.HAL_TIMEx_BreakCallback  stm32f3xx_hal_tim_ex.o
    0x08001d16   0x08001d16   0x00000002   Code   RO         1095    i.HAL_TIMEx_CommutCallback  stm32f3xx_hal_tim_ex.o
    0x08001d18   0x08001d18   0x00000066   Code   RO          379    i.HAL_TIM_Base_Init  stm32f3xx_hal_tim.o
    0x08001d7e   0x08001d7e   0x00000002   Code   RO          381    i.HAL_TIM_Base_MspInit  stm32f3xx_hal_tim.o
    0x08001d80   0x08001d80   0x0000009c   Code   RO          384    i.HAL_TIM_Base_Start_IT  stm32f3xx_hal_tim.o
    0x08001e1c   0x08001e1c   0x00000002   Code   RO          413    i.HAL_TIM_IC_CaptureCallback  stm32f3xx_hal_tim.o
    0x08001e1e   0x08001e1e   0x00000196   Code   RO          427    i.HAL_TIM_IRQHandler  stm32f3xx_hal_tim.o
    0x08001fb4   0x08001fb4   0x00000002   Code   RO          430    i.HAL_TIM_OC_DelayElapsedCallback  stm32f3xx_hal_tim.o
    0x08001fb6   0x08001fb6   0x00000002   Code   RO          457    i.HAL_TIM_PWM_PulseFinishedCallback  stm32f3xx_hal_tim.o
    0x08001fb8   0x08001fb8   0x00000018   Code   RO           16    i.HAL_TIM_PeriodElapsedCallback  main.o
    0x08001fd0   0x08001fd0   0x00000002   Code   RO          470    i.HAL_TIM_TriggerCallback  stm32f3xx_hal_tim.o
    0x08001fd2   0x08001fd2   0x00000074   Code   RO         1390    i.HAL_UART_Init     stm32f3xx_hal_uart.o
    0x08002046   0x08002046   0x00000002   PAD
    0x08002048   0x08002048   0x00000078   Code   RO          239    i.HAL_UART_MspInit  usart.o
    0x080020c0   0x080020c0   0x000000ba   Code   RO         1399    i.HAL_UART_Transmit  stm32f3xx_hal_uart.o
    0x0800217a   0x0800217a   0x00000002   PAD
    0x0800217c   0x0800217c   0x0000008c   Code   RO          214    i.MX_GPIO_Init      gpio.o
    0x08002208   0x08002208   0x0000004c   Code   RO          240    i.MX_USART1_UART_Init  usart.o
    0x08002254   0x08002254   0x00000034   Code   RO         3554    i.SysTick_Handler   port.o
    0x08002288   0x08002288   0x00000082   Code   RO           17    i.SystemClock_Config  main.o
    0x0800230a   0x0800230a   0x00000002   PAD
    0x0800230c   0x0800230c   0x00000014   Code   RO         3425    i.SystemInit        system_stm32f3xx.o
    0x08002320   0x08002320   0x00000010   Code   RO          286    i.TIM19_IRQHandler  stm32f3xx_it.o
    0x08002330   0x08002330   0x000000cc   Code   RO          472    i.TIM_Base_SetConfig  stm32f3xx_hal_tim.o
    0x080023fc   0x080023fc   0x000000f8   Code   RO         1404    i.UART_AdvFeatureConfig  stm32f3xx_hal_uart.o
    0x080024f4   0x080024f4   0x000000e6   Code   RO         1405    i.UART_CheckIdleState  stm32f3xx_hal_uart.o
    0x080025da   0x080025da   0x00000066   Code   RO         1416    i.UART_EndRxTransfer  stm32f3xx_hal_uart.o
    0x08002640   0x08002640   0x0000020c   Code   RO         1421    i.UART_SetConfig    stm32f3xx_hal_uart.o
    0x0800284c   0x0800284c   0x000000a2   Code   RO         1426    i.UART_WaitOnFlagUntilTimeout  stm32f3xx_hal_uart.o
    0x080028ee   0x080028ee   0x00000002   PAD
    0x080028f0   0x080028f0   0x00000020   Code   RO         4597    i.__0printf         mc_w.l(printfa.o)
    0x08002910   0x08002910   0x00000010   Code   RO         2345    i.__NVIC_GetPriorityGrouping  stm32f3xx_hal_cortex.o
    0x08002920   0x08002920   0x00000028   Code   RO         2346    i.__NVIC_SetPriority  stm32f3xx_hal_cortex.o
    0x08002948   0x08002948   0x0000000e   Code   RO         4665    i.__scatterload_copy  mc_w.l(handlers.o)
    0x08002956   0x08002956   0x00000002   Code   RO         4666    i.__scatterload_null  mc_w.l(handlers.o)
    0x08002958   0x08002958   0x0000000e   Code   RO         4667    i.__scatterload_zeroinit  mc_w.l(handlers.o)
    0x08002966   0x08002966   0x00000002   PAD
    0x08002968   0x08002968   0x00000184   Code   RO         4604    i._fp_digits        mc_w.l(printfa.o)
    0x08002aec   0x08002aec   0x000006b4   Code   RO         4605    i._printf_core      mc_w.l(printfa.o)
    0x080031a0   0x080031a0   0x00000024   Code   RO         4606    i._printf_post_padding  mc_w.l(printfa.o)
    0x080031c4   0x080031c4   0x0000002e   Code   RO         4607    i._printf_pre_padding  mc_w.l(printfa.o)
    0x080031f2   0x080031f2   0x00000002   PAD
    0x080031f4   0x080031f4   0x0000001c   Code   RO          241    i.fputc             usart.o
    0x08003210   0x08003210   0x0000007c   Code   RO           18    i.main              main.o
    0x0800328c   0x0800328c   0x000000e4   Code   RO         3977    i.prvAddNewTaskToReadyList  tasks.o
    0x08003370   0x08003370   0x00000048   Code   RO         3978    i.prvCheckTasksWaitingTermination  tasks.o
    0x080033b8   0x080033b8   0x00000012   Code   RO         3979    i.prvDeleteTCB      tasks.o
    0x080033ca   0x080033ca   0x00000002   PAD
    0x080033cc   0x080033cc   0x00000070   Code   RO         3461    i.prvHeapInit       heap_4.o
    0x0800343c   0x0800343c   0x00000028   Code   RO         3980    i.prvIdleTask       tasks.o
    0x08003464   0x08003464   0x000000cc   Code   RO         3981    i.prvInitialiseNewTask  tasks.o
    0x08003530   0x08003530   0x00000068   Code   RO         3982    i.prvInitialiseTaskLists  tasks.o
    0x08003598   0x08003598   0x00000068   Code   RO         3462    i.prvInsertBlockIntoFreeList  heap_4.o
    0x08003600   0x08003600   0x00000030   Code   RO         3983    i.prvResetNextTaskUnblockTime  tasks.o
    0x08003630   0x08003630   0x0000006c   Code   RO         3555    i.prvTaskExitError  port.o
    0x0800369c   0x0800369c   0x0000014c   Code   RO         3464    i.pvPortMalloc      heap_4.o
    0x080037e8   0x080037e8   0x0000002c   Code   RO         3556    i.pxPortInitialiseStack  port.o
    0x08003814   0x08003814   0x00000028   Code   RO         3758    i.uxListRemove      list.o
    0x0800383c   0x0800383c   0x0000001a   Code   RO         3759    i.vListInitialise   list.o
    0x08003856   0x08003856   0x00000006   Code   RO         3760    i.vListInitialiseItem  list.o
    0x0800385c   0x0800385c   0x00000084   Code   RO         3558    i.vPortEnterCritical  port.o
    0x080038e0   0x080038e0   0x0000006c   Code   RO         3559    i.vPortExitCritical  port.o
    0x0800394c   0x0800394c   0x000000ac   Code   RO         3465    i.vPortFree         heap_4.o
    0x080039f8   0x080039f8   0x00000028   Code   RO         3560    i.vPortSetupTimerInterrupt  port.o
    0x08003a20   0x08003a20   0x000000a8   Code   RO         4003    i.vTaskStartScheduler  tasks.o
    0x08003ac8   0x08003ac8   0x00000010   Code   RO         4005    i.vTaskSuspendAll   tasks.o
    0x08003ad8   0x08003ad8   0x000000a4   Code   RO         4006    i.vTaskSwitchContext  tasks.o
    0x08003b7c   0x08003b7c   0x00000198   Code   RO         3562    i.xPortStartScheduler  port.o
    0x08003d14   0x08003d14   0x00000068   Code   RO         4009    i.xTaskCreate       tasks.o
    0x08003d7c   0x08003d7c   0x000001d0   Code   RO         4019    i.xTaskIncrementTick  tasks.o
    0x08003f4c   0x08003f4c   0x0000018c   Code   RO         4021    i.xTaskResumeAll    tasks.o
    0x080040d8   0x080040d8   0x00000020   Data   RO         2029    .constdata          stm32f3xx_hal_rcc.o
    0x080040f8   0x080040f8   0x00000018   Data   RO         3426    .constdata          system_stm32f3xx.o
    0x08004110   0x08004110   0x00000020   Data   RO         4663    Region$$Table       anon$$obj.o


    Execution Region RW_IRAM1 (Exec base: 0x20000000, Load base: 0x08004130, Size: 0x00005840, Max: 0x00010000, ABSOLUTE)

    Exec Addr    Load Addr    Size         Type   Attr      Idx    E Section Name        Object

    0x20000000   0x08004130   0x00000008   Data   RW           19    .data               main.o
    0x20000008   0x08004138   0x00000009   Data   RW         1866    .data               stm32f3xx_hal.o
    0x20000011   0x08004141   0x00000003   PAD
    0x20000014   0x08004144   0x00000004   Data   RW         3427    .data               system_stm32f3xx.o
    0x20000018   0x08004148   0x0000001c   Data   RW         3471    .data               heap_4.o
    0x20000034   0x08004164   0x0000000c   Data   RW         3563    .data               port.o
    0x20000040   0x08004170   0x00000040   Data   RW         4024    .data               tasks.o
    0x20000080   0x080041b0   0x00000004   Data   RW         4641    .data               mc_w.l(stdout.o)
    0x20000084        -       0x00000088   Zero   RW          242    .bss                usart.o
    0x2000010c        -       0x0000004c   Zero   RW          341    .bss                stm32f3xx_hal_timebase_tim.o
    0x20000158        -       0x00005000   Zero   RW         3470    .bss                heap_4.o
    0x20005158        -       0x000002e4   Zero   RW         4023    .bss                tasks.o
    0x2000543c   0x080041b4   0x00000004   PAD
    0x20005440        -       0x00000400   Zero   RW            1    STACK               startup_stm32f373xc.o


==============================================================================

Image component sizes


      Code (inc. data)   RO Data    RW Data    ZI Data      Debug   Object Name

       140         10          0          0          0        903   gpio.o
       720        164          0         28      20480       7107   heap_4.o
        72          0          0          0          0       1955   list.o
       464        168          0          8          0     533307   main.o
      1082        302          0         12          0      10160   port.o
        36          8        392          0       1024        832   startup_stm32f373xc.o
       116         24          0          9          0      12194   stm32f3xx_hal.o
       252         22          0          0          0      33638   stm32f3xx_hal_cortex.o
       458         30          0          0          0       2032   stm32f3xx_hal_gpio.o
        64          6          0          0          0        838   stm32f3xx_hal_msp.o
      3608        106         32          0          0       6953   stm32f3xx_hal_rcc.o
       632         12          0          0          0       1524   stm32f3xx_hal_rcc_ex.o
       878         66          0          0          0       6442   stm32f3xx_hal_tim.o
         4          0          0          0          0       1581   stm32f3xx_hal_tim_ex.o
       156         20          0          0         76       1408   stm32f3xx_hal_timebase_tim.o
      1568         42          0          0          0       6781   stm32f3xx_hal_uart.o
        16          6          0          0          0        487   stm32f3xx_it.o
        20          6         24          4          0       1115   system_stm32f3xx.o
      2026        390          0         64        740      24582   tasks.o
       224         24          0          0        136       2222   usart.o

    ----------------------------------------------------------------------
     12554       1406        480        128      22460     656061   Object Totals
         0          0         32          0          0          0   (incl. Generated)
        18          0          0          3          4          0   (incl. Padding)

    ----------------------------------------------------------------------

      Code (inc. data)   RO Data    RW Data    ZI Data      Debug   Library Member Name

         0          0          0          0          0          0   entry.o
         0          0          0          0          0          0   entry10a.o
         0          0          0          0          0          0   entry11a.o
         4          0          0          0          0          0   entry12b.o
         8          4          0          0          0          0   entry2.o
         4          0          0          0          0          0   entry5.o
         0          0          0          0          0          0   entry7b.o
         0          0          0          0          0          0   entry8b.o
         8          4          0          0          0          0   entry9a.o
        30          0          0          0          0          0   handlers.o
        36          8          0          0          0         68   init.o
         0          0          0          0          0          0   iusefp.o
        30          0          0          0          0         68   llshl.o
        36          0          0          0          0         68   llsshr.o
        32          0          0          0          0         68   llushr.o
        36          0          0          0          0        108   memseta.o
      2218         90          0          0          0        464   printfa.o
         0          0          0          4          0          0   stdout.o
        44          0          0          0          0         80   uidiv.o
        98          0          0          0          0         92   uldiv.o
        48          0          0          0          0         68   cdrcmple.o
       334          0          0          0          0        148   dadd.o
       222          0          0          0          0        100   ddiv.o
       186          0          0          0          0        176   depilogue.o
        48          0          0          0          0         68   dfixul.o
       228          0          0          0          0         96   dmul.o

    ----------------------------------------------------------------------
      3654        106          0          4          0       1672   Library Totals
         4          0          0          0          0          0   (incl. Padding)

    ----------------------------------------------------------------------

      Code (inc. data)   RO Data    RW Data    ZI Data      Debug   Library Name

      2584        106          0          4          0       1016   mc_w.l
      1066          0          0          0          0        656   mf_w.l

    ----------------------------------------------------------------------
      3654        106          0          4          0       1672   Library Totals

    ----------------------------------------------------------------------

==============================================================================


      Code (inc. data)   RO Data    RW Data    ZI Data      Debug   

     16208       1512        480        132      22460     649905   Grand Totals
     16208       1512        480        132      22460     649905   ELF Image Totals
     16208       1512        480        132          0          0   ROM Totals

==============================================================================

    Total RO  Size (Code + RO Data)                16688 (  16.30kB)
    Total RW  Size (RW Data + ZI Data)             22592 (  22.06kB)
    Total ROM Size (Code + RO Data + RW Data)      16820 (  16.43kB)

==============================================================================

